Archive member included to satisfy reference by file (symbol)

/Applications/FEH_ARM/bin/../lib/gcc/arm-none-eabi/10.3.1/../../../../arm-none-eabi/lib/thumb/v7e-m/nofp/libstdc++.a(del_ops.o)
                              Libraries/FEHIO.o (operator delete(void*, unsigned int))
/Applications/FEH_ARM/bin/../lib/gcc/arm-none-eabi/10.3.1/../../../../arm-none-eabi/lib/thumb/v7e-m/nofp/libstdc++.a(new_op.o)
                              Libraries/FEHIO.o (operator new(unsigned int))
/Applications/FEH_ARM/bin/../lib/gcc/arm-none-eabi/10.3.1/../../../../arm-none-eabi/lib/thumb/v7e-m/nofp/libstdc++.a(bad_alloc.o)
                              /Applications/FEH_ARM/bin/../lib/gcc/arm-none-eabi/10.3.1/../../../../arm-none-eabi/lib/thumb/v7e-m/nofp/libstdc++.a(new_op.o) (std::bad_alloc::~bad_alloc())
/Applications/FEH_ARM/bin/../lib/gcc/arm-none-eabi/10.3.1/../../../../arm-none-eabi/lib/thumb/v7e-m/nofp/libstdc++.a(del_op.o)
                              /Applications/FEH_ARM/bin/../lib/gcc/arm-none-eabi/10.3.1/../../../../arm-none-eabi/lib/thumb/v7e-m/nofp/libstdc++.a(del_ops.o) (operator delete(void*))
/Applications/FEH_ARM/bin/../lib/gcc/arm-none-eabi/10.3.1/../../../../arm-none-eabi/lib/thumb/v7e-m/nofp/libstdc++.a(eh_alloc.o)
                              /Applications/FEH_ARM/bin/../lib/gcc/arm-none-eabi/10.3.1/../../../../arm-none-eabi/lib/thumb/v7e-m/nofp/libstdc++.a(new_op.o) (__cxa_allocate_exception)
/Applications/FEH_ARM/bin/../lib/gcc/arm-none-eabi/10.3.1/../../../../arm-none-eabi/lib/thumb/v7e-m/nofp/libstdc++.a(eh_exception.o)
                              /Applications/FEH_ARM/bin/../lib/gcc/arm-none-eabi/10.3.1/../../../../arm-none-eabi/lib/thumb/v7e-m/nofp/libstdc++.a(bad_alloc.o) (std::exception::~exception())
/Applications/FEH_ARM/bin/../lib/gcc/arm-none-eabi/10.3.1/../../../../arm-none-eabi/lib/thumb/v7e-m/nofp/libstdc++.a(eh_terminate.o)
                              /Applications/FEH_ARM/bin/../lib/gcc/arm-none-eabi/10.3.1/../../../../arm-none-eabi/lib/thumb/v7e-m/nofp/libstdc++.a(eh_alloc.o) (std::terminate())
/Applications/FEH_ARM/bin/../lib/gcc/arm-none-eabi/10.3.1/../../../../arm-none-eabi/lib/thumb/v7e-m/nofp/libstdc++.a(eh_throw.o)
                              /Applications/FEH_ARM/bin/../lib/gcc/arm-none-eabi/10.3.1/../../../../arm-none-eabi/lib/thumb/v7e-m/nofp/libstdc++.a(new_op.o) (__cxa_throw)
/Applications/FEH_ARM/bin/../lib/gcc/arm-none-eabi/10.3.1/../../../../arm-none-eabi/lib/thumb/v7e-m/nofp/libstdc++.a(eh_unex_handler.o)
                              /Applications/FEH_ARM/bin/../lib/gcc/arm-none-eabi/10.3.1/../../../../arm-none-eabi/lib/thumb/v7e-m/nofp/libstdc++.a(eh_terminate.o) (__cxxabiv1::__unexpected_handler)
/Applications/FEH_ARM/bin/../lib/gcc/arm-none-eabi/10.3.1/../../../../arm-none-eabi/lib/thumb/v7e-m/nofp/libstdc++.a(new_handler.o)
                              /Applications/FEH_ARM/bin/../lib/gcc/arm-none-eabi/10.3.1/../../../../arm-none-eabi/lib/thumb/v7e-m/nofp/libstdc++.a(new_op.o) (std::get_new_handler())
/Applications/FEH_ARM/bin/../lib/gcc/arm-none-eabi/10.3.1/../../../../arm-none-eabi/lib/thumb/v7e-m/nofp/libstdc++.a(pure.o)
                              /Applications/FEH_ARM/bin/../lib/gcc/arm-none-eabi/10.3.1/../../../../arm-none-eabi/lib/thumb/v7e-m/nofp/libstdc++.a(eh_exception.o) (__cxa_pure_virtual)
/Applications/FEH_ARM/bin/../lib/gcc/arm-none-eabi/10.3.1/../../../../arm-none-eabi/lib/thumb/v7e-m/nofp/libstdc++.a(si_class_type_info.o)
                              /Applications/FEH_ARM/bin/../lib/gcc/arm-none-eabi/10.3.1/../../../../arm-none-eabi/lib/thumb/v7e-m/nofp/libstdc++.a(bad_alloc.o) (vtable for __cxxabiv1::__si_class_type_info)
/Applications/FEH_ARM/bin/../lib/gcc/arm-none-eabi/10.3.1/../../../../arm-none-eabi/lib/thumb/v7e-m/nofp/libstdc++.a(tinfo.o)
                              /Applications/FEH_ARM/bin/../lib/gcc/arm-none-eabi/10.3.1/../../../../arm-none-eabi/lib/thumb/v7e-m/nofp/libstdc++.a(si_class_type_info.o) (std::type_info::__is_pointer_p() const)
/Applications/FEH_ARM/bin/../lib/gcc/arm-none-eabi/10.3.1/../../../../arm-none-eabi/lib/thumb/v7e-m/nofp/libstdc++.a(vterminate.o)
                              /Applications/FEH_ARM/bin/../lib/gcc/arm-none-eabi/10.3.1/../../../../arm-none-eabi/lib/thumb/v7e-m/nofp/libstdc++.a(eh_terminate.o) (__gnu_cxx::__verbose_terminate_handler())
/Applications/FEH_ARM/bin/../lib/gcc/arm-none-eabi/10.3.1/../../../../arm-none-eabi/lib/thumb/v7e-m/nofp/libstdc++.a(class_type_info.o)
                              /Applications/FEH_ARM/bin/../lib/gcc/arm-none-eabi/10.3.1/../../../../arm-none-eabi/lib/thumb/v7e-m/nofp/libstdc++.a(si_class_type_info.o) (__cxxabiv1::__class_type_info::__do_upcast(__cxxabiv1::__class_type_info const*, void**) const)
/Applications/FEH_ARM/bin/../lib/gcc/arm-none-eabi/10.3.1/../../../../arm-none-eabi/lib/thumb/v7e-m/nofp/libstdc++.a(cp-demangle.o)
[...]
Memory Configuration

Name             Origin             Length             Attributes
PROGRAM_FLASH    0x000000000000c000 0x0000000000073c00 xr
SRAM_UPPER       0x0000000020000000 0x0000000000010000 xrw
SRAM_LOWER       0x000000001fff0000 0x0000000000010000 xrw
*default*        0x0000000000000000 0xffffffffffffffff

Linker script and memory map

LOAD /Applications/FEH_ARM/bin/../lib/gcc/arm-none-eabi/10.3.1/thumb/v7e-m/nofp/crti.o
LOAD /Applications/FEH_ARM/bin/../lib/gcc/arm-none-eabi/10.3.1/thumb/v7e-m/nofp/crtbegin.o
LOAD /Applications/FEH_ARM/bin/../lib/gcc/arm-none-eabi/10.3.1/../../../../arm-none-eabi/lib/thumb/v7e-m/nofp/crt0.o
LOAD ../main.o
LOAD Startup/startup_mk60d10.o
LOAD Libraries/FEHMotor.o
LOAD Drivers/mcg.o
LOAD Drivers/i2c.o
LOAD Drivers/spi.o
LOAD Drivers/uart.o
LOAD Drivers/ff.o
LOAD Drivers/SDHC.o
LOAD Drivers/lptmr.o
LOAD FEHProteus.o
LOAD Drivers/FEHPropeller.o
LOAD Libraries/FEHUtility.o
LOAD Libraries/FEHIO.o
LOAD Drivers/adc16.o
LOAD Libraries/FEHBuzzer.o
LOAD Libraries/FEHServo.o
LOAD Libraries/FEHLCD.o
LOAD Libraries/FEHAccel.o
LOAD Libraries/FEHBattery.o
LOAD Drivers/FEHXBee.o
LOAD Libraries/FEHRCS.o
LOAD Libraries/FEHSD.o
LOAD Libraries/FEHRandom.o
LOAD /Applications/FEH_ARM/bin/../lib/gcc/arm-none-eabi/10.3.1/../../../../arm-none-eabi/lib/thumb/v7e-m/nofp/libstdc++.a
LOAD /Applications/FEH_ARM/bin/../lib/gcc/arm-none-eabi/10.3.1/../../../../arm-none-eabi/lib/thumb/v7e-m/nofp/libm.a
START GROUP
LOAD /Applications/FEH_ARM/bin/../lib/gcc/arm-none-eabi/10.3.1/thumb/v7e-m/nofp/libgcc.a
LOAD /Applications/FEH_ARM/bin/../lib/gcc/arm-none-eabi/10.3.1/../../../../arm-none-eabi/lib/thumb/v7e-m/nofp/libg.a
LOAD /Applications/FEH_ARM/bin/../lib/gcc/arm-none-eabi/10.3.1/../../../../arm-none-eabi/lib/thumb/v7e-m/nofp/libc.a
END GROUP
START GROUP
LOAD /Applications/FEH_ARM/bin/../lib/gcc/arm-none-eabi/10.3.1/thumb/v7e-m/nofp/libgcc.a
LOAD /Applications/FEH_ARM/bin/../lib/gcc/arm-none-eabi/10.3.1/../../../../arm-none-eabi/lib/thumb/v7e-m/nofp/libc.a
LOAD /Applications/FEH_ARM/bin/../lib/gcc/arm-none-eabi/10.3.1/../../../../arm-none-eabi/lib/thumb/v7e-m/nofp/libnosys.a
END GROUP
LOAD /Applications/FEH_ARM/bin/../lib/gcc/arm-none-eabi/10.3.1/thumb/v7e-m/nofp/crtend.o
LOAD /Applications/FEH_ARM/bin/../lib/gcc/arm-none-eabi/10.3.1/thumb/v7e-m/nofp/crtn.o
                0x000000000000c000                __base_PROGRAM_FLASH = 0xc000
                0x000000000000c000                __base_Flash = 0xc000
                0x000000000007fc00                __top_PROGRAM_FLASH = 0x7fc00
                0x000000000007fc00                __top_Flash = 0x7fc00
                0x0000000020000000                __base_SRAM_UPPER = 0x20000000
                0x0000000020000000                __base_RAM = 0x20000000
                0x0000000020010000                __top_SRAM_UPPER = 0x20010000
                0x0000000020010000                __top_RAM = 0x20010000
                0x000000001fff0000                __base_SRAM_LOWER = 0x1fff0000
                0x000000001fff0000                __base_RAM2 = 0x1fff0000
                0x0000000020000000                __top_SRAM_LOWER = 0x20000000
                0x0000000020000000                __top_RAM2 = 0x20000000

.text           0x000000000000c000      0x410
 FILL mask 0xff
                0x000000000000c000                __vectors_start__ = ABSOLUTE (.)
 *(.isr_vector)
 .isr_vector    0x000000000000c000      0x1bc Startup/startup_mk60d10.o
                0x000000000000c000                __Vectors
                0x000000000000c000                g_pfnVectors
                0x000000000000c1bc                . = ALIGN (0x4)
                0x000000000000c1bc                __section_table_start = .
                0x000000000000c1bc                __data_section_table = .
                0x000000000000c1bc        0x4 LONG 0x1b98c LOADADDR (.data)
                0x000000000000c1c0        0x4 LONG 0x20000000 ADDR (.data)
                0x000000000000c1c4        0x4 LONG 0x16c8 SIZEOF (.data)
                0x000000000000c1c8        0x4 LONG 0x1b98c LOADADDR (.data_RAM2)
                0x000000000000c1cc        0x4 LONG 0x1fff0000 ADDR (.data_RAM2)
                0x000000000000c1d0        0x4 LONG 0x0 SIZEOF (.data_RAM2)
                0x000000000000c1d4                __data_section_table_end = .
                0x000000000000c1d4                __bss_section_table = .
                0x000000000000c1d4        0x4 LONG 0x200016c8 ADDR (.bss)
                0x000000000000c1d8        0x4 LONG 0x488 SIZEOF (.bss)
                0x000000000000c1dc        0x4 LONG 0x1fff0000 ADDR (.bss_RAM2)
                0x000000000000c1e0        0x4 LONG 0x0 SIZEOF (.bss_RAM2)
                0x000000000000c1e4                __bss_section_table_end = .
                0x000000000000c1e4                __section_table_end = .
 *(.after_vectors*)
 .after_vectors.init_data
                0x000000000000c1e4       0x42 Startup/startup_mk60d10.o
                0x000000000000c1e4                data_init(unsigned int, unsigned int, unsigned int)
 .after_vectors.init_bss
                0x000000000000c226       0x36 Startup/startup_mk60d10.o
                0x000000000000c226                bss_init(unsigned int, unsigned int)
 .after_vectors.reset
                0x000000000000c25c       0xb4 Startup/startup_mk60d10.o
                0x000000000000c25c                ResetISR
 .after_vectors
                0x000000000000c310       0x3c Startup/startup_mk60d10.o
                0x000000000000c310                NMI_Handler
                0x000000000000c316                HardFault_Handler
                0x000000000000c31c                MemManage_Handler
                0x000000000000c322                BusFault_Handler
                0x000000000000c328                UsageFault_Handler
                0x000000000000c32e                SVC_Handler
                0x000000000000c334                DebugMon_Handler
                0x000000000000c33a                PendSV_Handler
                0x000000000000c340                SysTick_Handler
                0x000000000000c346                PIT2_DriverIRQHandler
                0x000000000000c346                SDHC_DriverIRQHandler
                0x000000000000c346                I2S0_Tx_DriverIRQHandler
                0x000000000000c346                TSI0_DriverIRQHandler
                0x000000000000c346                RTC_Seconds_DriverIRQHandler
                0x000000000000c346                Reserved109_DriverIRQHandler
                0x000000000000c346                DMA6_DriverIRQHandler
                0x000000000000c346                LLWU_DriverIRQHandler
                0x000000000000c346                MCM_DriverIRQHandler
                0x000000000000c346                MCG_DriverIRQHandler
                0x000000000000c346                ENET_1588_Timer_DriverIRQHandler
                0x000000000000c346                DAC1_DriverIRQHandler
                0x000000000000c346                CMP1_DriverIRQHandler
                0x000000000000c346                UART5_RX_TX_DriverIRQHandler
                0x000000000000c346                FTM0_DriverIRQHandler
                0x000000000000c346                IntDefaultHandler
                0x000000000000c346                USB0_DriverIRQHandler
                0x000000000000c346                UART5_ERR_DriverIRQHandler
                0x000000000000c346                DMA11_DriverIRQHandler
                0x000000000000c346                DAC0_DriverIRQHandler
                0x000000000000c346                DMA10_DriverIRQHandler
                0x000000000000c346                CMP2_DriverIRQHandler
                0x000000000000c346                UART2_ERR_DriverIRQHandler
                0x000000000000c346                SPI2_DriverIRQHandler
                0x000000000000c346                LVD_LVW_DriverIRQHandler
                0x000000000000c346                RNG_DriverIRQHandler
                0x000000000000c346                DMA5_DriverIRQHandler
                0x000000000000c346                DMA4_DriverIRQHandler
                0x000000000000c346                UART2_RX_TX_DriverIRQHandler
                0x000000000000c346                USBDCD_DriverIRQHandler
                0x000000000000c346                UART3_ERR_DriverIRQHandler
                0x000000000000c346                DMA3_DriverIRQHandler
                0x000000000000c346                DMA8_DriverIRQHandler
                0x000000000000c346                DMA9_DriverIRQHandler
                0x000000000000c346                UART0_ERR_DriverIRQHandler
                0x000000000000c346                CMT_DriverIRQHandler
                0x000000000000c346                ADC1_DriverIRQHandler
                0x000000000000c346                DMA14_DriverIRQHandler
                0x000000000000c346                PIT3_DriverIRQHandler
                0x000000000000c346                PIT1_DriverIRQHandler
                0x000000000000c346                WDOG_EWM_DriverIRQHandler
                0x000000000000c346                PDB0_DriverIRQHandler
                0x000000000000c346                Reserved95_DriverIRQHandler
                0x000000000000c346                RTC_DriverIRQHandler
                0x000000000000c346                I2S0_Rx_DriverIRQHandler
                0x000000000000c346                Read_Collision_DriverIRQHandler
                0x000000000000c346                SWI_DriverIRQHandler
                0x000000000000c346                UART4_RX_TX_DriverIRQHandler
                0x000000000000c346                UART4_ERR_DriverIRQHandler
                0x000000000000c346                UART0_LON_DriverIRQHandler
                0x000000000000c346                DMA1_DriverIRQHandler
                0x000000000000c346                I2C1_DriverIRQHandler
                0x000000000000c346                UART3_RX_TX_DriverIRQHandler
                0x000000000000c346                ENET_Receive_DriverIRQHandler
                0x000000000000c346                DMA13_DriverIRQHandler
                0x000000000000c346                ENET_Error_DriverIRQHandler
                0x000000000000c346                DMA15_DriverIRQHandler
                0x000000000000c346                SPI0_DriverIRQHandler
                0x000000000000c346                ADC0_DriverIRQHandler
                0x000000000000c346                FTFL_DriverIRQHandler
                0x000000000000c346                CMP0_DriverIRQHandler
                0x000000000000c346                CAN0_DriverIRQHandler
                0x000000000000c346                Reserved59_DriverIRQHandler
                0x000000000000c346                UART1_ERR_DriverIRQHandler
                0x000000000000c346                DMA2_DriverIRQHandler
                0x000000000000c346                ENET_Transmit_DriverIRQHandler
                0x000000000000c346                I2C0_DriverIRQHandler
                0x000000000000c346                CAN1_DriverIRQHandler
                0x000000000000c346                DMA7_DriverIRQHandler
                0x000000000000c346                UART1_RX_TX_DriverIRQHandler
                0x000000000000c346                Reserved108_DriverIRQHandler
                0x000000000000c346                Reserved102_DriverIRQHandler
                0x000000000000c346                DMA0_DriverIRQHandler
                0x000000000000c346                DMA12_DriverIRQHandler
                0x000000000000c346                SPI1_DriverIRQHandler
                0x000000000000c346                LPTMR0_DriverIRQHandler
                0x000000000000c346                DMA_Error_DriverIRQHandler
                0x000000000000c346                FTM1_DriverIRQHandler
                0x000000000000c346                FTM2_DriverIRQHandler
                0x0000000000000400                . = 0x400
 *fill*         0x000000000000c34c       0xb4 ff
                0x000000000000c400                PROVIDE (__FLASH_CONFIG_START__ = .)
 *(.FlashConfig)
 .FlashConfig   0x000000000000c400       0x10 Startup/startup_mk60d10.o
                0x000000000000c410                PROVIDE (__FLASH_CONFIG_END__ = .)
                0x0000000000000001                ASSERT (! ((__FLASH_CONFIG_START__ == __FLASH_CONFIG_END__)), Linker Flash Config Support Enabled, but no .FlashConfig section provided within application)

.eh_frame       0x000000000000c410        0x0
 .eh_frame      0x000000000000c410        0x0 /Applications/FEH_ARM/bin/../lib/gcc/arm-none-eabi/10.3.1/thumb/v7e-m/nofp/crtbegin.o

.glue_7         0x000000000000c410        0x0
 .glue_7        0x000000000000c410        0x0 linker stubs

.glue_7t        0x000000000000c410        0x0
 .glue_7t       0x000000000000c410        0x0 linker stubs

.vfp11_veneer   0x000000000000c410        0x0
 .vfp11_veneer  0x000000000000c410        0x0 linker stubs

.v4_bx          0x000000000000c410        0x0
 .v4_bx         0x000000000000c410        0x0 linker stubs

.iplt           0x000000000000c410        0x0
 .iplt          0x000000000000c410        0x0 /Applications/FEH_ARM/bin/../lib/gcc/arm-none-eabi/10.3.1/thumb/v7e-m/nofp/crtbegin.o

.text           0x000000000000c440     0xf544
 *(.text*)
 .text          0x000000000000c440       0x40 /Applications/FEH_ARM/bin/../lib/gcc/arm-none-eabi/10.3.1/thumb/v7e-m/nofp/crtbegin.o
 .text._Z11moveForwardfi
                0x000000000000c480      0x1d0 ../main.o
                0x000000000000c480                moveForward(float, int)
 .text._Z9turnRobotf
                0x000000000000c650      0x22c ../main.o
                0x000000000000c650                turnRobot(float)
 .text._Z8moveHandi
                0x000000000000c87c       0x24 ../main.o
                0x000000000000c87c                moveHand(int)
 .text._Z7moveArmi
                0x000000000000c8a0       0x24 ../main.o
                0x000000000000c8a0                moveArm(int)
 *fill*         0x000000000000c8c4        0x4 
 .text.main     0x000000000000c8c8      0x7ac ../main.o
                0x000000000000c8c8                main
 .text._Z41__static_initialization_and_destruction_0ii
                0x000000000000d074       0x80 ../main.o
 .text._GLOBAL__sub_I_Cds
                0x000000000000d0f4       0x10 ../main.o
 .text.PORTD_IRQHandler
                0x000000000000d104       0x50 Startup/startup_mk60d10.o
                0x000000000000d104                PORTD_IRQHandler
 .text._Z15InitPowerButtonv
                0x000000000000d154       0x60 Startup/startup_mk60d10.o
                0x000000000000d154                InitPowerButton()
 .text._ZL11pll_init_blv
                0x000000000000d1b4       0xe0 Startup/startup_mk60d10.o
 .text._Z14InitFEHProteusv
                0x000000000000d294       0xec Startup/startup_mk60d10.o
                0x000000000000d294                InitFEHProteus()
 .text.DMA0_IRQHandler
                0x000000000000d380        0xc Startup/startup_mk60d10.o
                0x000000000000d380                DMA0_IRQHandler
 .text.DMA1_IRQHandler
                0x000000000000d38c        0xc Startup/startup_mk60d10.o
                0x000000000000d38c                DMA1_IRQHandler
 .text.DMA2_IRQHandler
                0x000000000000d398        0xc Startup/startup_mk60d10.o
                0x000000000000d398                DMA2_IRQHandler
 .text.DMA3_IRQHandler
                0x000000000000d3a4        0xc Startup/startup_mk60d10.o
                0x000000000000d3a4                DMA3_IRQHandler
 .text.DMA4_IRQHandler
                0x000000000000d3b0        0xc Startup/startup_mk60d10.o
                0x000000000000d3b0                DMA4_IRQHandler
 .text.DMA5_IRQHandler
                0x000000000000d3bc        0xc Startup/startup_mk60d10.o
                0x000000000000d3bc                DMA5_IRQHandler
 .text.DMA6_IRQHandler
                0x000000000000d3c8        0xc Startup/startup_mk60d10.o
                0x000000000000d3c8                DMA6_IRQHandler
 .text.DMA7_IRQHandler
                0x000000000000d3d4        0xc Startup/startup_mk60d10.o
                0x000000000000d3d4                DMA7_IRQHandler
 .text.DMA8_IRQHandler
                0x000000000000d3e0        0xc Startup/startup_mk60d10.o
                0x000000000000d3e0                DMA8_IRQHandler
 .text.DMA9_IRQHandler
                0x000000000000d3ec        0xc Startup/startup_mk60d10.o
                0x000000000000d3ec                DMA9_IRQHandler
 .text.DMA10_IRQHandler
                0x000000000000d3f8        0xc Startup/startup_mk60d10.o
                0x000000000000d3f8                DMA10_IRQHandler
 .text.DMA11_IRQHandler
                0x000000000000d404        0xc Startup/startup_mk60d10.o
                0x000000000000d404                DMA11_IRQHandler
 .text.DMA12_IRQHandler
                0x000000000000d410        0xc Startup/startup_mk60d10.o
                0x000000000000d410                DMA12_IRQHandler
 .text.DMA13_IRQHandler
                0x000000000000d41c        0xc Startup/startup_mk60d10.o
                0x000000000000d41c                DMA13_IRQHandler
 .text.DMA14_IRQHandler
                0x000000000000d428        0xc Startup/startup_mk60d10.o
                0x000000000000d428                DMA14_IRQHandler
 .text.DMA15_IRQHandler
                0x000000000000d434        0xc Startup/startup_mk60d10.o
                0x000000000000d434                DMA15_IRQHandler
 .text.DMA_Error_IRQHandler
                0x000000000000d440        0xc Startup/startup_mk60d10.o
                0x000000000000d440                DMA_Error_IRQHandler
 .text.MCM_IRQHandler
                0x000000000000d44c        0xc Startup/startup_mk60d10.o
                0x000000000000d44c                MCM_IRQHandler
 .text.FTFL_IRQHandler
                0x000000000000d458        0xc Startup/startup_mk60d10.o
                0x000000000000d458                FTFL_IRQHandler
 .text.Read_Collision_IRQHandler
                0x000000000000d464        0xc Startup/startup_mk60d10.o
                0x000000000000d464                Read_Collision_IRQHandler
 .text.LVD_LVW_IRQHandler
                0x000000000000d470        0xc Startup/startup_mk60d10.o
                0x000000000000d470                LVD_LVW_IRQHandler
 .text.LLWU_IRQHandler
                0x000000000000d47c        0xc Startup/startup_mk60d10.o
                0x000000000000d47c                LLWU_IRQHandler
 .text.WDOG_EWM_IRQHandler
                0x000000000000d488        0xc Startup/startup_mk60d10.o
                0x000000000000d488                WDOG_EWM_IRQHandler
 .text.RNG_IRQHandler
                0x000000000000d494        0xc Startup/startup_mk60d10.o
                0x000000000000d494                RNG_IRQHandler
 .text.I2C0_IRQHandler
                0x000000000000d4a0        0xc Startup/startup_mk60d10.o
                0x000000000000d4a0                I2C0_IRQHandler
 .text.I2C1_IRQHandler
                0x000000000000d4ac        0xc Startup/startup_mk60d10.o
                0x000000000000d4ac                I2C1_IRQHandler
 .text.SPI0_IRQHandler
                0x000000000000d4b8        0xc Startup/startup_mk60d10.o
                0x000000000000d4b8                SPI0_IRQHandler
 .text.SPI1_IRQHandler
                0x000000000000d4c4        0xc Startup/startup_mk60d10.o
                0x000000000000d4c4                SPI1_IRQHandler
 .text.SPI2_IRQHandler
                0x000000000000d4d0        0xc Startup/startup_mk60d10.o
                0x000000000000d4d0                SPI2_IRQHandler
 .text.CAN0_ORed_Message_buffer_IRQHandler
                0x000000000000d4dc        0xc Startup/startup_mk60d10.o
                0x000000000000d4dc                CAN0_ORed_Message_buffer_IRQHandler
 .text.CAN0_Bus_Off_IRQHandler
                0x000000000000d4e8        0xc Startup/startup_mk60d10.o
                0x000000000000d4e8                CAN0_Bus_Off_IRQHandler
 .text.CAN0_Error_IRQHandler
                0x000000000000d4f4        0xc Startup/startup_mk60d10.o
                0x000000000000d4f4                CAN0_Error_IRQHandler
 .text.CAN0_Tx_Warning_IRQHandler
                0x000000000000d500        0xc Startup/startup_mk60d10.o
                0x000000000000d500                CAN0_Tx_Warning_IRQHandler
 .text.CAN0_Rx_Warning_IRQHandler
                0x000000000000d50c        0xc Startup/startup_mk60d10.o
                0x000000000000d50c                CAN0_Rx_Warning_IRQHandler
 .text.CAN0_Wake_Up_IRQHandler
                0x000000000000d518        0xc Startup/startup_mk60d10.o
                0x000000000000d518                CAN0_Wake_Up_IRQHandler
 .text.I2S0_Tx_IRQHandler
                0x000000000000d524        0xc Startup/startup_mk60d10.o
                0x000000000000d524                I2S0_Tx_IRQHandler
 .text.I2S0_Rx_IRQHandler
                0x000000000000d530        0xc Startup/startup_mk60d10.o
                0x000000000000d530                I2S0_Rx_IRQHandler
 .text.CAN1_ORed_Message_buffer_IRQHandler
                0x000000000000d53c        0xc Startup/startup_mk60d10.o
                0x000000000000d53c                CAN1_ORed_Message_buffer_IRQHandler
 .text.CAN1_Bus_Off_IRQHandler
                0x000000000000d548        0xc Startup/startup_mk60d10.o
                0x000000000000d548                CAN1_Bus_Off_IRQHandler
 .text.CAN1_Error_IRQHandler
                0x000000000000d554        0xc Startup/startup_mk60d10.o
                0x000000000000d554                CAN1_Error_IRQHandler
 .text.CAN1_Tx_Warning_IRQHandler
                0x000000000000d560        0xc Startup/startup_mk60d10.o
                0x000000000000d560                CAN1_Tx_Warning_IRQHandler
 .text.CAN1_Rx_Warning_IRQHandler
                0x000000000000d56c        0xc Startup/startup_mk60d10.o
                0x000000000000d56c                CAN1_Rx_Warning_IRQHandler
 .text.CAN1_Wake_Up_IRQHandler
                0x000000000000d578        0xc Startup/startup_mk60d10.o
                0x000000000000d578                CAN1_Wake_Up_IRQHandler
 .text.Reserved59_IRQHandler
                0x000000000000d584        0xc Startup/startup_mk60d10.o
                0x000000000000d584                Reserved59_IRQHandler
 .text.UART0_LON_IRQHandler
                0x000000000000d590        0xc Startup/startup_mk60d10.o
                0x000000000000d590                UART0_LON_IRQHandler
 .text.UART0_ERR_IRQHandler
                0x000000000000d59c        0xc Startup/startup_mk60d10.o
                0x000000000000d59c                UART0_ERR_IRQHandler
 .text.UART1_RX_TX_IRQHandler
                0x000000000000d5a8        0xc Startup/startup_mk60d10.o
                0x000000000000d5a8                UART1_RX_TX_IRQHandler
 .text.UART1_ERR_IRQHandler
                0x000000000000d5b4        0xc Startup/startup_mk60d10.o
                0x000000000000d5b4                UART1_ERR_IRQHandler
 .text.UART2_RX_TX_IRQHandler
                0x000000000000d5c0        0xc Startup/startup_mk60d10.o
                0x000000000000d5c0                UART2_RX_TX_IRQHandler
 .text.UART2_ERR_IRQHandler
                0x000000000000d5cc        0xc Startup/startup_mk60d10.o
                0x000000000000d5cc                UART2_ERR_IRQHandler
 .text.UART3_RX_TX_IRQHandler
                0x000000000000d5d8        0xc Startup/startup_mk60d10.o
                0x000000000000d5d8                UART3_RX_TX_IRQHandler
 .text.UART3_ERR_IRQHandler
                0x000000000000d5e4        0xc Startup/startup_mk60d10.o
                0x000000000000d5e4                UART3_ERR_IRQHandler
 .text.UART4_RX_TX_IRQHandler
                0x000000000000d5f0        0xc Startup/startup_mk60d10.o
                0x000000000000d5f0                UART4_RX_TX_IRQHandler
 .text.UART4_ERR_IRQHandler
                0x000000000000d5fc        0xc Startup/startup_mk60d10.o
                0x000000000000d5fc                UART4_ERR_IRQHandler
 .text.UART5_RX_TX_IRQHandler
                0x000000000000d608        0xc Startup/startup_mk60d10.o
                0x000000000000d608                UART5_RX_TX_IRQHandler
 .text.UART5_ERR_IRQHandler
                0x000000000000d614        0xc Startup/startup_mk60d10.o
                0x000000000000d614                UART5_ERR_IRQHandler
 .text.ADC0_IRQHandler
                0x000000000000d620        0xc Startup/startup_mk60d10.o
                0x000000000000d620                ADC0_IRQHandler
 .text.ADC1_IRQHandler
                0x000000000000d62c        0xc Startup/startup_mk60d10.o
                0x000000000000d62c                ADC1_IRQHandler
 .text.CMP0_IRQHandler
                0x000000000000d638        0xc Startup/startup_mk60d10.o
                0x000000000000d638                CMP0_IRQHandler
 .text.CMP1_IRQHandler
                0x000000000000d644        0xc Startup/startup_mk60d10.o
                0x000000000000d644                CMP1_IRQHandler
 .text.CMP2_IRQHandler
                0x000000000000d650        0xc Startup/startup_mk60d10.o
                0x000000000000d650                CMP2_IRQHandler
 .text.FTM0_IRQHandler
                0x000000000000d65c        0xc Startup/startup_mk60d10.o
                0x000000000000d65c                FTM0_IRQHandler
 .text.FTM1_IRQHandler
                0x000000000000d668        0xc Startup/startup_mk60d10.o
                0x000000000000d668                FTM1_IRQHandler
 .text.FTM2_IRQHandler
                0x000000000000d674        0xc Startup/startup_mk60d10.o
                0x000000000000d674                FTM2_IRQHandler
 .text.CMT_IRQHandler
                0x000000000000d680        0xc Startup/startup_mk60d10.o
                0x000000000000d680                CMT_IRQHandler
 .text.RTC_IRQHandler
                0x000000000000d68c        0xc Startup/startup_mk60d10.o
                0x000000000000d68c                RTC_IRQHandler
 .text.RTC_Seconds_IRQHandler
                0x000000000000d698        0xc Startup/startup_mk60d10.o
                0x000000000000d698                RTC_Seconds_IRQHandler
 .text.PIT1_IRQHandler
                0x000000000000d6a4        0xc Startup/startup_mk60d10.o
                0x000000000000d6a4                PIT1_IRQHandler
 .text.PIT2_IRQHandler
                0x000000000000d6b0        0xc Startup/startup_mk60d10.o
                0x000000000000d6b0                PIT2_IRQHandler
 .text.PIT3_IRQHandler
                0x000000000000d6bc        0xc Startup/startup_mk60d10.o
                0x000000000000d6bc                PIT3_IRQHandler
 .text.PDB0_IRQHandler
                0x000000000000d6c8        0xc Startup/startup_mk60d10.o
                0x000000000000d6c8                PDB0_IRQHandler
 .text.USB0_IRQHandler
                0x000000000000d6d4        0xc Startup/startup_mk60d10.o
                0x000000000000d6d4                USB0_IRQHandler
 .text.USBDCD_IRQHandler
                0x000000000000d6e0        0xc Startup/startup_mk60d10.o
                0x000000000000d6e0                USBDCD_IRQHandler
 .text.ENET_1588_Timer_IRQHandler
                0x000000000000d6ec        0xc Startup/startup_mk60d10.o
                0x000000000000d6ec                ENET_1588_Timer_IRQHandler
 .text.ENET_Transmit_IRQHandler
                0x000000000000d6f8        0xc Startup/startup_mk60d10.o
                0x000000000000d6f8                ENET_Transmit_IRQHandler
 .text.ENET_Receive_IRQHandler
                0x000000000000d704        0xc Startup/startup_mk60d10.o
                0x000000000000d704                ENET_Receive_IRQHandler
 .text.ENET_Error_IRQHandler
                0x000000000000d710        0xc Startup/startup_mk60d10.o
                0x000000000000d710                ENET_Error_IRQHandler
 .text.Reserved95_IRQHandler
                0x000000000000d71c        0xc Startup/startup_mk60d10.o
                0x000000000000d71c                Reserved95_IRQHandler
 .text.SDHC_IRQHandler
                0x000000000000d728        0xc Startup/startup_mk60d10.o
                0x000000000000d728                SDHC_IRQHandler
 .text.DAC0_IRQHandler
                0x000000000000d734        0xc Startup/startup_mk60d10.o
                0x000000000000d734                DAC0_IRQHandler
 .text.DAC1_IRQHandler
                0x000000000000d740        0xc Startup/startup_mk60d10.o
                0x000000000000d740                DAC1_IRQHandler
 .text.TSI0_IRQHandler
                0x000000000000d74c        0xc Startup/startup_mk60d10.o
                0x000000000000d74c                TSI0_IRQHandler
 .text.MCG_IRQHandler
                0x000000000000d758        0xc Startup/startup_mk60d10.o
                0x000000000000d758                MCG_IRQHandler
 .text.LPTMR0_IRQHandler
                0x000000000000d764        0xc Startup/startup_mk60d10.o
                0x000000000000d764                LPTMR0_IRQHandler
 .text.Reserved102_IRQHandler
                0x000000000000d770        0xc Startup/startup_mk60d10.o
                0x000000000000d770                Reserved102_IRQHandler
 .text.Reserved108_IRQHandler
                0x000000000000d77c        0xc Startup/startup_mk60d10.o
                0x000000000000d77c                Reserved108_IRQHandler
 .text.Reserved109_IRQHandler
                0x000000000000d788        0xc Startup/startup_mk60d10.o
                0x000000000000d788                Reserved109_IRQHandler
 .text.SWI_IRQHandler
                0x000000000000d794        0xc Startup/startup_mk60d10.o
                0x000000000000d794                SWI_IRQHandler
 .text._ZN8FEHMotorC2ENS_12FEHMotorPortEf
                0x000000000000d7a0       0x7c Libraries/FEHMotor.o
                0x000000000000d7a0                FEHMotor::FEHMotor(FEHMotor::FEHMotorPort, float)
                0x000000000000d7a0                FEHMotor::FEHMotor(FEHMotor::FEHMotorPort, float)
 .text._ZN8FEHMotor4StopEv
                0x000000000000d81c       0x30 Libraries/FEHMotor.o
                0x000000000000d81c                FEHMotor::Stop()
 .text._ZN8FEHMotor8SetPowerEi
                0x000000000000d84c       0x54 Libraries/FEHMotor.o
                0x000000000000d84c                FEHMotor::SetPower(int)
 .text._ZN8FEHMotor10SetPercentEf
                0x000000000000d8a0       0xf8 Libraries/FEHMotor.o
                0x000000000000d8a0                FEHMotor::SetPercent(float)
 .text._Z21IIC_StartTransmissionhh
                0x000000000000d998       0x6c Drivers/i2c.o
                0x000000000000d998                IIC_StartTransmission(unsigned char, unsigned char)
 .text._Z5Pausev
                0x000000000000da04       0x24 Drivers/i2c.o
                0x000000000000da04                Pause()
 .text._Z21MMA8451QWriteRegisterhh
                0x000000000000da28       0x68 Drivers/i2c.o
                0x000000000000da28                MMA8451QWriteRegister(unsigned char, unsigned char)
 .text._Z8i2c_Waitv
                0x000000000000da90       0x6c Drivers/i2c.o
                0x000000000000da90                i2c_Wait()
 .text._Z12SPI_SendCharh
                0x000000000000dafc       0x1a Drivers/spi.o
                0x000000000000dafc                SPI_SendChar(unsigned char)
 .text._Z16SPI_WriteCommandhh
                0x000000000000db16       0x34 Drivers/spi.o
                0x000000000000db16                SPI_WriteCommand(unsigned char, unsigned char)
 .text._Z11SPI_GetCharv
                0x000000000000db4a       0x10 Drivers/spi.o
                0x000000000000db4a                SPI_GetChar()
 .text._Z15SPI_ReadCommandh
                0x000000000000db5a       0x38 Drivers/spi.o
                0x000000000000db5a                SPI_ReadCommand(unsigned char)
 *fill*         0x000000000000db92        0x2 
 .text._Z13SPI_CS_Assertv
                0x000000000000db94       0x1c Drivers/spi.o
                0x000000000000db94                SPI_CS_Assert()
 .text._Z15SPI_CS_Deassertv
                0x000000000000dbb0       0x1c Drivers/spi.o
                0x000000000000dbb0                SPI_CS_Deassert()
 .text._Z12SPI_Transferh
                0x000000000000dbcc       0x6c Drivers/spi.o
                0x000000000000dbcc                SPI_Transfer(unsigned char)
 .text._Z8SPI_Initv
                0x000000000000dc38       0xa0 Drivers/spi.o
                0x000000000000dc38                SPI_Init()
 .text._Z9uart_initPV11UART_MemMapii
                0x000000000000dcd8      0x174 Drivers/uart.o
                0x000000000000dcd8                uart_init(UART_MemMap volatile*, int, int)
 .text._Z12uart_getcharPV11UART_MemMap
                0x000000000000de4c       0x32 Drivers/uart.o
                0x000000000000de4c                uart_getchar(UART_MemMap volatile*)
 .text._Z12uart_putcharPV11UART_MemMapc
                0x000000000000de7e       0x32 Drivers/uart.o
                0x000000000000de7e                uart_putchar(UART_MemMap volatile*, char)
 .text._ZL7mem_setPvij
                0x000000000000deb0       0x3c Drivers/ff.o
 .text._ZL11move_windowP5FATFSm
                0x000000000000deec       0xc8 Drivers/ff.o
 .text._ZL4syncP5FATFS
                0x000000000000dfb4      0x14c Drivers/ff.o
 .text._ZL8validateP5FATFSt
                0x000000000000e100       0x54 Drivers/ff.o
 .text._Z6f_syncP3FIL
                0x000000000000e154      0x186 Drivers/ff.o
                0x000000000000e154                f_sync(FIL*)
 .text._Z7f_closeP3FIL
                0x000000000000e2da       0x28 Drivers/ff.o
                0x000000000000e2da                f_close(FIL*)
 *fill*         0x000000000000e302        0x2 
 .text._ZL17SDHC_set_baudratemm
                0x000000000000e304       0xe8 Drivers/SDHC.o
 .text._Z9SDHC_initP17esdhc_info_structPK17esdhc_init_struct
                0x000000000000e3ec      0x130 Drivers/SDHC.o
                0x000000000000e3ec                SDHC_init(esdhc_info_struct*, esdhc_init_struct const*)
 .text._ZL15SDHC_is_runningv
                0x000000000000e51c       0x24 Drivers/SDHC.o
 .text._ZL16SDHC_status_waitm
                0x000000000000e540       0x2c Drivers/SDHC.o
 .text._ZL17SDHC_send_commandP20esdhc_command_struct
                0x000000000000e56c      0x1f8 Drivers/SDHC.o
 .text._Z10SDHC_ioctlmPv
                0x000000000000e764      0x6f0 Drivers/SDHC.o
                0x000000000000e764                SDHC_ioctl(unsigned long, void*)
 .text._ZL14rcvr_datablockPhm
                0x000000000000ee54       0xf0 Drivers/SDHC.o
 .text._Z9disk_readhPhmh
                0x000000000000ef44      0x124 Drivers/SDHC.o
                0x000000000000ef44                disk_read(unsigned char, unsigned char*, unsigned long, unsigned char)
 .text._ZL14xmit_datablockPKhm
                0x000000000000f068       0xa4 Drivers/SDHC.o
 .text._Z10disk_writehPKhmh
                0x000000000000f10c      0x198 Drivers/SDHC.o
                0x000000000000f10c                disk_write(unsigned char, unsigned char const*, unsigned long, unsigned char)
 .text._Z10disk_ioctlhhPv
                0x000000000000f2a4      0x104 Drivers/SDHC.o
                0x000000000000f2a4                disk_ioctl(unsigned char, unsigned char, void*)
 .text._Z11disk_statush
                0x000000000000f3a8       0x28 Drivers/SDHC.o
                0x000000000000f3a8                disk_status(unsigned char)
 .text._Z13time_delay_msm
                0x000000000000f3d0       0x6c Drivers/lptmr.o
                0x000000000000f3d0                time_delay_ms(unsigned long)
 .text._Z41__static_initialization_and_destruction_0ii
                0x000000000000f43c       0x2c FEHProteus.o
 .text._GLOBAL__sub_I_Propeller
                0x000000000000f468       0x10 FEHProteus.o
 .text._ZN12FEHPropellerC2Ev
                0x000000000000f478       0x1a Drivers/FEHPropeller.o
                0x000000000000f478                FEHPropeller::FEHPropeller()
                0x000000000000f478                FEHPropeller::FEHPropeller()
 *fill*         0x000000000000f492        0x2 
 .text._ZN12FEHPropeller10InitializeEv
                0x000000000000f494       0x74 Drivers/FEHPropeller.o
                0x000000000000f494                FEHPropeller::Initialize()
 .text._ZN12FEHPropeller12SetMotorRateEhhh
                0x000000000000f508       0x5c Drivers/FEHPropeller.o
                0x000000000000f508                FEHPropeller::SetMotorRate(unsigned char, unsigned char, unsigned char)
 .text._ZL5Delaymjj
                0x000000000000f564       0x94 Libraries/FEHUtility.o
 .text._Z5Sleepi
                0x000000000000f5f8       0x2c Libraries/FEHUtility.o
                0x000000000000f5f8                Sleep(int)
 .text._Z5Sleepd
                0x000000000000f624       0x4c Libraries/FEHUtility.o
                0x000000000000f624                Sleep(double)
 .text._Z7TimeNowv
                0x000000000000f670       0x5c Libraries/FEHUtility.o
                0x000000000000f670                TimeNow()
 .text._Z11TimeNowMSecv
                0x000000000000f6cc       0x38 Libraries/FEHUtility.o
                0x000000000000f6cc                TimeNowMSec()
 .text._ZN14DigitalEncoderC2EN5FEHIO8FEHIOPinE
                0x000000000000f704       0x26 Libraries/FEHIO.o
                0x000000000000f704                DigitalEncoder::DigitalEncoder(FEHIO::FEHIOPin)
                0x000000000000f704                DigitalEncoder::DigitalEncoder(FEHIO::FEHIOPin)
 *fill*         0x000000000000f72a        0x2 
 .text._Z10enable_irqi
                0x000000000000f72c      0x11c Libraries/FEHIO.o
                0x000000000000f72c                enable_irq(int)
 .text._ZN14DigitalEncoder10InitializeEN5FEHIO8FEHIOPinENS0_21FEHIOInterruptTriggerE
                0x000000000000f848      0x1a8 Libraries/FEHIO.o
                0x000000000000f848                DigitalEncoder::Initialize(FEHIO::FEHIOPin, FEHIO::FEHIOInterruptTrigger)
 .text._Z16PORTB_IRQHandlerv
                0x000000000000f9f0       0x9c Libraries/FEHIO.o
                0x000000000000f9f0                PORTB_IRQHandler()
 .text._Z16PORTC_IRQHandlerv
                0x000000000000fa8c       0x9c Libraries/FEHIO.o
                0x000000000000fa8c                PORTC_IRQHandler()
 .text._Z16PORTA_IRQHandlerv
                0x000000000000fb28       0xa0 Libraries/FEHIO.o
                0x000000000000fb28                PORTA_IRQHandler()
 .text._Z16PORTE_IRQHandlerv
                0x000000000000fbc8       0x98 Libraries/FEHIO.o
                0x000000000000fbc8                PORTE_IRQHandler()
 .text._ZN14DigitalEncoder6CountsEv
                0x000000000000fc60       0x24 Libraries/FEHIO.o
                0x000000000000fc60                DigitalEncoder::Counts()
 .text._ZN14DigitalEncoder11ResetCountsEv
                0x000000000000fc84       0x24 Libraries/FEHIO.o
                0x000000000000fc84                DigitalEncoder::ResetCounts()
 .text._ZN14AnalogInputPinC2EN5FEHIO8FEHIOPinE
                0x000000000000fca8       0x1e Libraries/FEHIO.o
                0x000000000000fca8                AnalogInputPin::AnalogInputPin(FEHIO::FEHIOPin)
                0x000000000000fca8                AnalogInputPin::AnalogInputPin(FEHIO::FEHIOPin)
 *fill*         0x000000000000fcc6        0x2 
 .text._ZN14AnalogInputPin5ValueEv
                0x000000000000fcc8      0x120 Libraries/FEHIO.o
                0x000000000000fcc8                AnalogInputPin::Value()
 .text._ZN13AnalogEncoder12EncoderValueEv
                0x000000000000fde8       0xb0 Libraries/FEHIO.o
                0x000000000000fde8                AnalogEncoder::EncoderValue()
 .text._ZN14AnalogInputPin8InitADCsEv
                0x000000000000fe98       0x98 Libraries/FEHIO.o
                0x000000000000fe98                AnalogInputPin::InitADCs()
 .text._Z15PIT0_IRQHandlerv
                0x000000000000ff30       0x28 Libraries/FEHIO.o
                0x000000000000ff30                PIT0_IRQHandler()
 .text._ZN13AnalogEncoder4InitEv
                0x000000000000ff58       0x44 Libraries/FEHIO.o
                0x000000000000ff58                AnalogEncoder::Init()
 .text._ZN13AnalogEncoder14SetCounterInitEj
                0x000000000000ff9c       0x20 Libraries/FEHIO.o
                0x000000000000ff9c                AnalogEncoder::SetCounterInit(unsigned int)
 .text._ZN13AnalogEncoder10ProcessIntEv
                0x000000000000ffbc       0x68 Libraries/FEHIO.o
                0x000000000000ffbc                AnalogEncoder::ProcessInt()
 .text._ZN13AnalogEncoder14ProcessIntSelfEv
                0x0000000000010024       0x6e Libraries/FEHIO.o
                0x0000000000010024                AnalogEncoder::ProcessIntSelf()
 .text._Z7ADC_CalPV10ADC_MemMap
                0x0000000000010092      0x13e Drivers/adc16.o
                0x0000000000010092                ADC_Cal(ADC_MemMap volatile*)
 .text._Z14ADC_Config_AltPV10ADC_MemMapP7adc_cfg
                0x00000000000101d0       0x6c Drivers/adc16.o
                0x00000000000101d0                ADC_Config_Alt(ADC_MemMap volatile*, adc_cfg*)
 .text._ZN9FEHBuzzerC2Ev
                0x000000000001023c       0x14 Libraries/FEHBuzzer.o
                0x000000000001023c                FEHBuzzer::FEHBuzzer()
                0x000000000001023c                FEHBuzzer::FEHBuzzer()
 .text._Z41__static_initialization_and_destruction_0ii
                0x0000000000010250       0x2c Libraries/FEHBuzzer.o
 .text._GLOBAL__sub_I_Buzzer
                0x000000000001027c       0x10 Libraries/FEHBuzzer.o
 .text._ZN8FEHServoC2ENS_12FEHServoPortE
                0x000000000001028c       0x38 Libraries/FEHServo.o
                0x000000000001028c                FEHServo::FEHServo(FEHServo::FEHServoPort)
                0x000000000001028c                FEHServo::FEHServo(FEHServo::FEHServoPort)
 .text._ZN8FEHServo6SetMinEi
                0x00000000000102c4       0x3a Libraries/FEHServo.o
                0x00000000000102c4                FEHServo::SetMin(int)
 .text._ZN8FEHServo6SetMaxEi
                0x00000000000102fe       0x3a Libraries/FEHServo.o
                0x00000000000102fe                FEHServo::SetMax(int)
 .text._ZN8FEHServo9SetDegreeEf
                0x0000000000010338       0xf8 Libraries/FEHServo.o
                0x0000000000010338                FEHServo::SetDegree(float)
 .text._ZN6FEHLCD11_InitializeEv
                0x0000000000010430      0x410 Libraries/FEHLCD.o
                0x0000000000010430                FEHLCD::_Initialize()
 .text._ZN6FEHLCDC2Ev
                0x0000000000010840       0x50 Libraries/FEHLCD.o
                0x0000000000010840                FEHLCD::FEHLCD()
                0x0000000000010840                FEHLCD::FEHLCD()
 .text._ZN6FEHLCD10InitializeEv
                0x0000000000010890       0x28 Libraries/FEHLCD.o
                0x0000000000010890                FEHLCD::Initialize()
 .text._ZN6FEHLCD10PrintImageEii
                0x00000000000108b8       0xbc Libraries/FEHLCD.o
                0x00000000000108b8                FEHLCD::PrintImage(int, int)
 .text._ZN6FEHLCD9PrintLogoEii
                0x0000000000010974       0xbc Libraries/FEHLCD.o
                0x0000000000010974                FEHLCD::PrintLogo(int, int)
 .text._ZN6FEHLCD22ConvertFEHColorTo24BitENS_11FEHLCDColorE
                0x0000000000010a30       0x78 Libraries/FEHLCD.o
                0x0000000000010a30                FEHLCD::ConvertFEHColorTo24Bit(FEHLCD::FEHLCDColor)
 .text._ZN6FEHLCD24Convert24BitColorTo16BitEj
                0x0000000000010aa8       0x30 Libraries/FEHLCD.o
                0x0000000000010aa8                FEHLCD::Convert24BitColorTo16Bit(unsigned int)
 .text._ZN6FEHLCD22ConvertRGBColorTo16BitEhhh
                0x0000000000010ad8       0x4a Libraries/FEHLCD.o
                0x0000000000010ad8                FEHLCD::ConvertRGBColorTo16Bit(unsigned char, unsigned char, unsigned char)
 .text._ZN6FEHLCD5ClearENS_11FEHLCDColorE
                0x0000000000010b22       0x28 Libraries/FEHLCD.o
                0x0000000000010b22                FEHLCD::Clear(FEHLCD::FEHLCDColor)
 .text._ZN6FEHLCD5ClearEj
                0x0000000000010b4a       0x2c Libraries/FEHLCD.o
                0x0000000000010b4a                FEHLCD::Clear(unsigned int)
 .text._ZN6FEHLCD5ClearEv
                0x0000000000010b76       0x16 Libraries/FEHLCD.o
                0x0000000000010b76                FEHLCD::Clear()
 .text._ZN6FEHLCD18SetBackgroundColorENS_11FEHLCDColorE
                0x0000000000010b8c       0x28 Libraries/FEHLCD.o
                0x0000000000010b8c                FEHLCD::SetBackgroundColor(FEHLCD::FEHLCDColor)
 .text._ZN6FEHLCD18SetBackgroundColorEj
                0x0000000000010bb4       0x26 Libraries/FEHLCD.o
                0x0000000000010bb4                FEHLCD::SetBackgroundColor(unsigned int)
 .text._ZN6FEHLCD12SetFontColorENS_11FEHLCDColorE
                0x0000000000010bda       0x28 Libraries/FEHLCD.o
                0x0000000000010bda                FEHLCD::SetFontColor(FEHLCD::FEHLCDColor)
 .text._ZN6FEHLCD12SetFontColorEj
                0x0000000000010c02       0x26 Libraries/FEHLCD.o
                0x0000000000010c02                FEHLCD::SetFontColor(unsigned int)
 .text._ZN6FEHLCD7WriteAtEPKcii
                0x0000000000010c28       0x46 Libraries/FEHLCD.o
                0x0000000000010c28                FEHLCD::WriteAt(char const*, int, int)
 .text._ZN6FEHLCD11TS_SPI_InitEv
                0x0000000000010c6e       0x7c Libraries/FEHLCD.o
                0x0000000000010c6e                FEHLCD::TS_SPI_Init()
 *fill*         0x0000000000010cea        0x6 
 .text._ZN6FEHLCD5TouchEPfS0_
                0x0000000000010cf0      0x1fc Libraries/FEHLCD.o
                0x0000000000010cf0                FEHLCD::Touch(float*, float*)
 .text._ZN6FEHLCD3absEi
                0x0000000000010eec       0x22 Libraries/FEHLCD.o
                0x0000000000010eec                FEHLCD::abs(int)
 .text._ZN6FEHLCD5WriteEPKc
                0x0000000000010f0e       0x4e Libraries/FEHLCD.o
                0x0000000000010f0e                FEHLCD::Write(char const*)
 .text._ZN6FEHLCD5WriteEf
                0x0000000000010f5c       0xc0 Libraries/FEHLCD.o
                0x0000000000010f5c                FEHLCD::Write(float)
 .text._ZN6FEHLCD5WriteEc
                0x000000000001101c       0x30 Libraries/FEHLCD.o
                0x000000000001101c                FEHLCD::Write(char)
 .text._ZN6FEHLCD9WriteLineEPKc
                0x000000000001104c       0x26 Libraries/FEHLCD.o
                0x000000000001104c                FEHLCD::WriteLine(char const*)
 .text._ZN6FEHLCD9WriteLineEc
                0x0000000000011072       0x2a Libraries/FEHLCD.o
                0x0000000000011072                FEHLCD::WriteLine(char)
 .text._ZN6FEHLCD10WriteIndexEh
                0x000000000001109c      0x14c Libraries/FEHLCD.o
                0x000000000001109c                FEHLCD::WriteIndex(unsigned char)
 .text._ZN6FEHLCD14WriteParameterEh
                0x00000000000111e8      0x130 Libraries/FEHLCD.o
                0x00000000000111e8                FEHLCD::WriteParameter(unsigned char)
 .text._ZN6FEHLCD6_ClearEv
                0x0000000000011318      0x15c Libraries/FEHLCD.o
                0x0000000000011318                FEHLCD::_Clear()
 .text._ZN6FEHLCD8NextLineEv
                0x0000000000011474       0x2a Libraries/FEHLCD.o
                0x0000000000011474                FEHLCD::NextLine()
 .text._ZN6FEHLCD9CheckLineEv
                0x000000000001149e       0x28 Libraries/FEHLCD.o
                0x000000000001149e                FEHLCD::CheckLine()
 .text._ZN6FEHLCD8NextCharEv
                0x00000000000114c6       0x32 Libraries/FEHLCD.o
                0x00000000000114c6                FEHLCD::NextChar()
 .text._ZN6FEHLCD9DrawPixelEii
                0x00000000000114f8       0x2a Libraries/FEHLCD.o
                0x00000000000114f8                FEHLCD::DrawPixel(int, int)
 .text._Z4SwapRiS_
                0x0000000000011522       0x28 Libraries/FEHLCD.o
                0x0000000000011522                Swap(int&, int&)
 .text._ZN6FEHLCD13DrawRectangleEiiii
                0x000000000001154a       0x7c Libraries/FEHLCD.o
                0x000000000001154a                FEHLCD::DrawRectangle(int, int, int, int)
 .text._ZN6FEHLCD13SetDrawRegionEiiii
                0x00000000000115c6       0xfe Libraries/FEHLCD.o
                0x00000000000115c6                FEHLCD::SetDrawRegion(int, int, int, int)
 .text._ZN6FEHLCD8DrawLineEiiii
                0x00000000000116c4      0x14c Libraries/FEHLCD.o
                0x00000000000116c4                FEHLCD::DrawLine(int, int, int, int)
 .text._ZN6FEHLCD9WriteCharEiic
                0x0000000000011810       0x34 Libraries/FEHLCD.o
                0x0000000000011810                FEHLCD::WriteChar(int, int, char)
 .text._ZN6FEHLCD11WriteCharAtEiic
                0x0000000000011844      0x214 Libraries/FEHLCD.o
                0x0000000000011844                FEHLCD::WriteCharAt(int, int, char)
 .text._ZN6FEHLCD11RepeatColorEv
                0x0000000000011a58       0x70 Libraries/FEHLCD.o
                0x0000000000011a58                FEHLCD::RepeatColor()
 .text._ZN6FEHLCD10_ForePixelEv
                0x0000000000011ac8       0xc4 Libraries/FEHLCD.o
                0x0000000000011ac8                FEHLCD::_ForePixel()
 .text._ZN6FEHLCD10_BackPixelEv
                0x0000000000011b8c       0xc4 Libraries/FEHLCD.o
                0x0000000000011b8c                FEHLCD::_BackPixel()
 .text._ZN6FEHLCD22SetRegisterColorValuesEv
                0x0000000000011c50      0x336 Libraries/FEHLCD.o
                0x0000000000011c50                FEHLCD::SetRegisterColorValues()
 .text._ZN7FEHIcon4IconC2Ev
                0x0000000000011f86       0x14 Libraries/FEHLCD.o
                0x0000000000011f86                FEHIcon::Icon::Icon()
                0x0000000000011f86                FEHIcon::Icon::Icon()
 .text._ZN7FEHIcon4Icon13SetPropertiesEPciiiijj
                0x0000000000011f9a       0x6a Libraries/FEHLCD.o
                0x0000000000011f9a                FEHIcon::Icon::SetProperties(char*, int, int, int, int, unsigned int, unsigned int)
 .text._ZN7FEHIcon4Icon4DrawEv
                0x0000000000012004       0x90 Libraries/FEHLCD.o
                0x0000000000012004                FEHIcon::Icon::Draw()
 .text._ZN7FEHIcon4Icon6SelectEv
                0x0000000000012094       0x90 Libraries/FEHLCD.o
                0x0000000000012094                FEHIcon::Icon::Select()
 .text._ZN7FEHIcon4Icon8DeselectEv
                0x0000000000012124       0x8c Libraries/FEHLCD.o
                0x0000000000012124                FEHIcon::Icon::Deselect()
 .text._ZN7FEHIcon4Icon7PressedEffi
                0x00000000000121b0      0x13c Libraries/FEHLCD.o
                0x00000000000121b0                FEHIcon::Icon::Pressed(float, float, int)
 .text._ZN7FEHIcon4Icon12WhilePressedEff
                0x00000000000122ec       0x50 Libraries/FEHLCD.o
                0x00000000000122ec                FEHIcon::Icon::WhilePressed(float, float)
 .text._ZN7FEHIcon13DrawIconArrayEPNS_4IconEiiiiiiPA20_cjj
                0x000000000001233c      0x168 Libraries/FEHLCD.o
                0x000000000001233c                FEHIcon::DrawIconArray(FEHIcon::Icon*, int, int, int, int, int, int, char (*) [20], unsigned int, unsigned int)
 .text._Z41__static_initialization_and_destruction_0ii
                0x00000000000124a4       0x2c Libraries/FEHLCD.o
 .text._GLOBAL__sub_I_image
                0x00000000000124d0       0x10 Libraries/FEHLCD.o
 .text._ZN8FEHAccelC2Ev
                0x00000000000124e0       0x70 Libraries/FEHAccel.o
                0x00000000000124e0                FEHAccel::FEHAccel()
                0x00000000000124e0                FEHAccel::FEHAccel()
 .text._Z41__static_initialization_and_destruction_0ii
                0x0000000000012550       0x2c Libraries/FEHAccel.o
 .text._GLOBAL__sub_I_Accel
                0x000000000001257c       0x10 Libraries/FEHAccel.o
 *fill*         0x000000000001258c        0x4 
 .text._ZN10FEHBattery7VoltageEv
                0x0000000000012590       0x54 Libraries/FEHBattery.o
                0x0000000000012590                FEHBattery::Voltage()
 .text._ZN10FEHBatteryC2EN5FEHIO8FEHIOPinE
                0x00000000000125e4       0x22 Libraries/FEHBattery.o
                0x00000000000125e4                FEHBattery::FEHBattery(FEHIO::FEHIOPin)
                0x00000000000125e4                FEHBattery::FEHBattery(FEHIO::FEHIOPin)
 *fill*         0x0000000000012606        0x2 
 .text._Z41__static_initialization_and_destruction_0ii
                0x0000000000012608       0x30 Libraries/FEHBattery.o
 .text._GLOBAL__sub_I_Battery
                0x0000000000012638       0x10 Libraries/FEHBattery.o
 .text._ZN7FEHXBeeC2Ev
                0x0000000000012648       0x1a Drivers/FEHXBee.o
                0x0000000000012648                FEHXBee::FEHXBee()
                0x0000000000012648                FEHXBee::FEHXBee()
 *fill*         0x0000000000012662        0x2 
 .text._ZN7FEHXBee10InitializeEv
                0x0000000000012664       0xdc Drivers/FEHXBee.o
                0x0000000000012664                FEHXBee::Initialize()
 .text._ZN7FEHXBee13IsInitializedEv
                0x0000000000012740       0x16 Drivers/FEHXBee.o
                0x0000000000012740                FEHXBee::IsInitialized()
 *fill*         0x0000000000012756        0x2 
 .text._ZN7FEHXBee17ReceiveDataSearchEPcjh
                0x0000000000012758       0x8c Drivers/FEHXBee.o
                0x0000000000012758                FEHXBee::ReceiveDataSearch(char*, unsigned int, unsigned char)
 .text._ZN7FEHXBee8SendDataEPcj
                0x00000000000127e4       0x40 Drivers/FEHXBee.o
                0x00000000000127e4                FEHXBee::SendData(char*, unsigned int)
 .text._ZN7FEHXBee17SetPacketCallBackEPFvPhhE
                0x0000000000012824       0x20 Drivers/FEHXBee.o
                0x0000000000012824                FEHXBee::SetPacketCallBack(void (*)(unsigned char*, unsigned char))
 .text._Z22UART0_RX_TX_IRQHandlerv
                0x0000000000012844       0xec Drivers/FEHXBee.o
                0x0000000000012844                UART0_RX_TX_IRQHandler()
 .text._ZN6FEHRCSC2Ev
                0x0000000000012930       0x74 Libraries/FEHRCS.o
                0x0000000000012930                FEHRCS::FEHRCS()
                0x0000000000012930                FEHRCS::FEHRCS()
 .text._ZN6FEHRCS10InitializeEiPKc
                0x00000000000129a4      0x7a0 Libraries/FEHRCS.o
                0x00000000000129a4                FEHRCS::Initialize(int, char const*)
 .text._ZN6FEHRCS10InitializeEcPKc
                0x0000000000013144       0x4c Libraries/FEHRCS.o
                0x0000000000013144                FEHRCS::Initialize(char, char const*)
 .text._ZN6FEHRCS19InitializeTouchMenuEPKc
                0x0000000000013190      0x438 Libraries/FEHRCS.o
                0x0000000000013190                FEHRCS::InitializeTouchMenu(char const*)
 .text._ZN6FEHRCS19CurrentRegionLetterEv
                0x00000000000135c8       0x1c Libraries/FEHRCS.o
                0x00000000000135c8                FEHRCS::CurrentRegionLetter()
 .text._ZN6FEHRCS15GetCorrectLeverEv
                0x00000000000135e4       0x1c Libraries/FEHRCS.o
                0x00000000000135e4                FEHRCS::GetCorrectLever()
 .text._ZN6FEHRCS13WaitForPacketEv
                0x0000000000013600       0x58 Libraries/FEHRCS.o
                0x0000000000013600                FEHRCS::WaitForPacket()
 .text._Z14RCSDataProcessPhh
                0x0000000000013658       0xa0 Libraries/FEHRCS.o
                0x0000000000013658                RCSDataProcess(unsigned char*, unsigned char)
 .text._Z41__static_initialization_and_destruction_0ii
                0x00000000000136f8       0x2c Libraries/FEHRCS.o
 .text._GLOBAL__sub_I_RCS
                0x0000000000013724       0x10 Libraries/FEHRCS.o
 .text._ZN5FEHSDC2Ev
                0x0000000000013734       0x24 Libraries/FEHSD.o
                0x0000000000013734                FEHSD::FEHSD()
                0x0000000000013734                FEHSD::FEHSD()
 .text._ZN5FEHSD9FCloseAllEv
                0x0000000000013758       0x6c Libraries/FEHSD.o
                0x0000000000013758                FEHSD::FCloseAll()
 .text._Z41__static_initialization_and_destruction_0ii
                0x00000000000137c4       0x2c Libraries/FEHSD.o
 .text._GLOBAL__sub_I_SD
                0x00000000000137f0       0x10 Libraries/FEHSD.o
 .text._ZN9FEHRandom10InitializeEv
                0x0000000000013800       0x3c Libraries/FEHRandom.o
                0x0000000000013800                FEHRandom::Initialize()
 .text.startup._GLOBAL__sub_I__ZN9__gnu_cxx9__freeresEv
                0x000000000001383c       0x28 /Applications/FEH_ARM/bin/../lib/gcc/arm-none-eabi/10.3.1/../../../../arm-none-eabi/lib/thumb/v7e-m/nofp/libstdc++.a(eh_alloc.o)
 .text          0x0000000000013864      0x378 /Applications/FEH_ARM/bin/../lib/gcc/arm-none-eabi/10.3.1/thumb/v7e-m/nofp/libgcc.a(_arm_addsubdf3.o)
                0x0000000000013864                __aeabi_drsub
                0x000000000001386c                __subdf3
                0x000000000001386c                __aeabi_dsub
                0x0000000000013870                __aeabi_dadd
                0x0000000000013870                __adddf3
                0x0000000000013ae8                __aeabi_ui2d
                0x0000000000013ae8                __floatunsidf
                0x0000000000013b08                __floatsidf
                0x0000000000013b08                __aeabi_i2d
                0x0000000000013b2c                __extendsfdf2
                0x0000000000013b2c                __aeabi_f2d
                0x0000000000013b70                __aeabi_ul2d
                0x0000000000013b70                __floatundidf
                0x0000000000013b80                __aeabi_l2d
                0x0000000000013b80                __floatdidf
 .text          0x0000000000013bdc      0x424 /Applications/FEH_ARM/bin/../lib/gcc/arm-none-eabi/10.3.1/thumb/v7e-m/nofp/libgcc.a(_arm_muldivdf3.o)
                0x0000000000013bdc                __aeabi_dmul
                0x0000000000013bdc                __muldf3
                0x0000000000013e30                __aeabi_ddiv
                0x0000000000013e30                __divdf3
 .text          0x0000000000014000      0x110 /Applications/FEH_ARM/bin/../lib/gcc/arm-none-eabi/10.3.1/thumb/v7e-m/nofp/libgcc.a(_arm_cmpdf2.o)
                0x0000000000014000                __gedf2
                0x0000000000014000                __gtdf2
                0x0000000000014008                __ledf2
                0x0000000000014008                __ltdf2
                0x0000000000014010                __cmpdf2
                0x0000000000014010                __eqdf2
                0x0000000000014010                __nedf2
                0x000000000001408c                __aeabi_cdrcmple
                0x000000000001409c                __aeabi_cdcmple
                0x000000000001409c                __aeabi_cdcmpeq
                0x00000000000140ac                __aeabi_dcmpeq
                0x00000000000140c0                __aeabi_dcmplt
                0x00000000000140d4                __aeabi_dcmple
                0x00000000000140e8                __aeabi_dcmpge
                0x00000000000140fc                __aeabi_dcmpgt
 .text          0x0000000000014110       0x50 /Applications/FEH_ARM/bin/../lib/gcc/arm-none-eabi/10.3.1/thumb/v7e-m/nofp/libgcc.a(_arm_fixdfsi.o)
                0x0000000000014110                __fixdfsi
                0x0000000000014110                __aeabi_d2iz
 .text          0x0000000000014160       0x40 /Applications/FEH_ARM/bin/../lib/gcc/arm-none-eabi/10.3.1/thumb/v7e-m/nofp/libgcc.a(_arm_fixunsdfsi.o)
                0x0000000000014160                __fixunsdfsi
                0x0000000000014160                __aeabi_d2uiz
 .text          0x00000000000141a0       0xa0 /Applications/FEH_ARM/bin/../lib/gcc/arm-none-eabi/10.3.1/thumb/v7e-m/nofp/libgcc.a(_arm_truncdfsf2.o)
                0x00000000000141a0                __aeabi_d2f
                0x00000000000141a0                __truncdfsf2
 .text          0x0000000000014240      0x21c /Applications/FEH_ARM/bin/../lib/gcc/arm-none-eabi/10.3.1/thumb/v7e-m/nofp/libgcc.a(_arm_addsubsf3.o)
                0x0000000000014240                __aeabi_frsub
                0x0000000000014248                __aeabi_fsub
                0x0000000000014248                __subsf3
                0x000000000001424c                __aeabi_fadd
                0x000000000001424c                __addsf3
                0x00000000000143ac                __aeabi_ui2f
                0x00000000000143ac                __floatunsisf
                0x00000000000143b4                __floatsisf
                0x00000000000143b4                __aeabi_i2f
                0x00000000000143d0                __aeabi_ul2f
                0x00000000000143d0                __floatundisf
                0x00000000000143e0                __aeabi_l2f
                0x00000000000143e0                __floatdisf
 .text          0x000000000001445c      0x2a0 /Applications/FEH_ARM/bin/../lib/gcc/arm-none-eabi/10.3.1/thumb/v7e-m/nofp/libgcc.a(_arm_muldivsf3.o)
                0x000000000001445c                __mulsf3
                0x000000000001445c                __aeabi_fmul
                0x00000000000145c4                __divsf3
                0x00000000000145c4                __aeabi_fdiv
 .text          0x00000000000146fc       0xec /Applications/FEH_ARM/bin/../lib/gcc/arm-none-eabi/10.3.1/thumb/v7e-m/nofp/libgcc.a(_arm_cmpsf2.o)
                0x00000000000146fc                __gesf2
                0x00000000000146fc                __gtsf2
                0x0000000000014704                __ltsf2
                0x0000000000014704                __lesf2
                0x000000000001470c                __nesf2
                0x000000000001470c                __eqsf2
                0x000000000001470c                __cmpsf2
                0x000000000001476c                __aeabi_cfrcmple
                0x0000000000014774                __aeabi_cfcmpeq
                0x0000000000014774                __aeabi_cfcmple
                0x0000000000014784                __aeabi_fcmpeq
                0x0000000000014798                __aeabi_fcmplt
                0x00000000000147ac                __aeabi_fcmple
                0x00000000000147c0                __aeabi_fcmpge
                0x00000000000147d4                __aeabi_fcmpgt
 .text          0x00000000000147e8       0x4c /Applications/FEH_ARM/bin/../lib/gcc/arm-none-eabi/10.3.1/thumb/v7e-m/nofp/libgcc.a(_arm_fixsfsi.o)
                0x00000000000147e8                __fixsfsi
                0x00000000000147e8                __aeabi_f2iz
 .text.abort    0x0000000000014834       0x10 /Applications/FEH_ARM/bin/../lib/gcc/arm-none-eabi/10.3.1/../../../../arm-none-eabi/lib/thumb/v7e-m/nofp/libg.a(lib_a-abort.o)
                0x0000000000014834                abort
 .text.__sfvwrite_r
                0x0000000000014844      0x2e8 /Applications/FEH_ARM/bin/../lib/gcc/arm-none-eabi/10.3.1/../../../../arm-none-eabi/lib/thumb/v7e-m/nofp/libg.a(lib_a-fvwrite.o)
                0x0000000000014844                __sfvwrite_r
 .text.__libc_init_array
                0x0000000000014b2c       0x48 /Applications/FEH_ARM/bin/../lib/gcc/arm-none-eabi/10.3.1/../../../../arm-none-eabi/lib/thumb/v7e-m/nofp/libg.a(lib_a-init.o)
                0x0000000000014b2c                __libc_init_array
 .text.__retarget_lock_init_recursive
                0x0000000000014b74        0x4 /Applications/FEH_ARM/bin/../lib/gcc/arm-none-eabi/10.3.1/../../../../arm-none-eabi/lib/thumb/v7e-m/nofp/libg.a(lib_a-lock.o)
                0x0000000000014b74                __retarget_lock_init_recursive
 .text.__retarget_lock_close_recursive
                0x0000000000014b78        0x4 /Applications/FEH_ARM/bin/../lib/gcc/arm-none-eabi/10.3.1/../../../../arm-none-eabi/lib/thumb/v7e-m/nofp/libg.a(lib_a-lock.o)
                0x0000000000014b78                __retarget_lock_close_recursive
 .text.__retarget_lock_acquire_recursive
                0x0000000000014b7c        0x4 /Applications/FEH_ARM/bin/../lib/gcc/arm-none-eabi/10.3.1/../../../../arm-none-eabi/lib/thumb/v7e-m/nofp/libg.a(lib_a-lock.o)
                0x0000000000014b7c                __retarget_lock_acquire_recursive
 .text.__retarget_lock_release_recursive
                0x0000000000014b80        0x4 /Applications/FEH_ARM/bin/../lib/gcc/arm-none-eabi/10.3.1/../../../../arm-none-eabi/lib/thumb/v7e-m/nofp/libg.a(lib_a-lock.o)
                0x0000000000014b80                __retarget_lock_release_recursive
 .text.malloc   0x0000000000014b84       0x10 /Applications/FEH_ARM/bin/../lib/gcc/arm-none-eabi/10.3.1/../../../../arm-none-eabi/lib/thumb/v7e-m/nofp/libg.a(lib_a-malloc.o)
                0x0000000000014b84                malloc
 .text._malloc_r
                0x0000000000014b94      0x560 /Applications/FEH_ARM/bin/../lib/gcc/arm-none-eabi/10.3.1/../../../../arm-none-eabi/lib/thumb/v7e-m/nofp/libg.a(lib_a-mallocr.o)
                0x0000000000014b94                _malloc_r
 *fill*         0x00000000000150f4        0xc 
 .text          0x0000000000015100       0xa0 /Applications/FEH_ARM/bin/../lib/gcc/arm-none-eabi/10.3.1/../../../../arm-none-eabi/lib/thumb/v7e-m/nofp/libg.a(lib_a-memchr.o)
                0x0000000000015100                memchr
 .text          0x00000000000151a0      0x134 /Applications/FEH_ARM/bin/../lib/gcc/arm-none-eabi/10.3.1/../../../../arm-none-eabi/lib/thumb/v7e-m/nofp/libg.a(lib_a-memcpy.o)
                0x00000000000151a0                memcpy
 .text.memmove  0x00000000000152d4       0xf8 /Applications/FEH_ARM/bin/../lib/gcc/arm-none-eabi/10.3.1/../../../../arm-none-eabi/lib/thumb/v7e-m/nofp/libg.a(lib_a-memmove.o)
                0x00000000000152d4                memmove
 .text.memset   0x00000000000153cc       0xa4 /Applications/FEH_ARM/bin/../lib/gcc/arm-none-eabi/10.3.1/../../../../arm-none-eabi/lib/thumb/v7e-m/nofp/libg.a(lib_a-memset.o)
                0x00000000000153cc                memset
 .text.__malloc_lock
                0x0000000000015470        0xc /Applications/FEH_ARM/bin/../lib/gcc/arm-none-eabi/10.3.1/../../../../arm-none-eabi/lib/thumb/v7e-m/nofp/libg.a(lib_a-mlock.o)
                0x0000000000015470                __malloc_lock
 .text.__malloc_unlock
                0x000000000001547c        0xc /Applications/FEH_ARM/bin/../lib/gcc/arm-none-eabi/10.3.1/../../../../arm-none-eabi/lib/thumb/v7e-m/nofp/libg.a(lib_a-mlock.o)
                0x000000000001547c                __malloc_unlock
 .text._realloc_r
                0x0000000000015488      0x3d8 /Applications/FEH_ARM/bin/../lib/gcc/arm-none-eabi/10.3.1/../../../../arm-none-eabi/lib/thumb/v7e-m/nofp/libg.a(lib_a-reallocr.o)
                0x0000000000015488                _realloc_r
 .text._sbrk_r  0x0000000000015860       0x24 /Applications/FEH_ARM/bin/../lib/gcc/arm-none-eabi/10.3.1/../../../../arm-none-eabi/lib/thumb/v7e-m/nofp/libg.a(lib_a-sbrkr.o)
                0x0000000000015860                _sbrk_r
 .text.raise    0x0000000000015884       0x5c /Applications/FEH_ARM/bin/../lib/gcc/arm-none-eabi/10.3.1/../../../../arm-none-eabi/lib/thumb/v7e-m/nofp/libg.a(lib_a-signal.o)
                0x0000000000015884                raise
 .text._kill_r  0x00000000000158e0       0x2c /Applications/FEH_ARM/bin/../lib/gcc/arm-none-eabi/10.3.1/../../../../arm-none-eabi/lib/thumb/v7e-m/nofp/libg.a(lib_a-signalr.o)
                0x00000000000158e0                _kill_r
 .text._getpid_r
                0x000000000001590c        0x4 /Applications/FEH_ARM/bin/../lib/gcc/arm-none-eabi/10.3.1/../../../../arm-none-eabi/lib/thumb/v7e-m/nofp/libg.a(lib_a-signalr.o)
                0x000000000001590c                _getpid_r
 .text.sprintf  0x0000000000015910       0x40 /Applications/FEH_ARM/bin/../lib/gcc/arm-none-eabi/10.3.1/../../../../arm-none-eabi/lib/thumb/v7e-m/nofp/libg.a(lib_a-sprintf.o)
                0x0000000000015910                sprintf
 .text.strcpy   0x0000000000015950       0xbc /Applications/FEH_ARM/bin/../lib/gcc/arm-none-eabi/10.3.1/../../../../arm-none-eabi/lib/thumb/v7e-m/nofp/libg.a(lib_a-strcpy.o)
                0x0000000000015950                strcpy
 *fill*         0x0000000000015a0c       0x34 
 .text          0x0000000000015a40       0xdc /Applications/FEH_ARM/bin/../lib/gcc/arm-none-eabi/10.3.1/../../../../arm-none-eabi/lib/thumb/v7e-m/nofp/libg.a(lib_a-strlen.o)
                0x0000000000015a40                strlen
 .text._svfprintf_r
                0x0000000000015b1c     0x1a3c /Applications/FEH_ARM/bin/../lib/gcc/arm-none-eabi/10.3.1/../../../../arm-none-eabi/lib/thumb/v7e-m/nofp/libg.a(lib_a-svfprintf.o)
                0x0000000000015b1c                _svfprintf_r
 .text.__swbuf_r
                0x0000000000017558       0xb0 /Applications/FEH_ARM/bin/../lib/gcc/arm-none-eabi/10.3.1/../../../../arm-none-eabi/lib/thumb/v7e-m/nofp/libg.a(lib_a-wbuf.o)
                0x0000000000017558                __swbuf_r
 .text._write_r
                0x0000000000017608       0x2c /Applications/FEH_ARM/bin/../lib/gcc/arm-none-eabi/10.3.1/../../../../arm-none-eabi/lib/thumb/v7e-m/nofp/libg.a(lib_a-writer.o)
                0x0000000000017608                _write_r
 .text.__swsetup_r
                0x0000000000017634       0xd4 /Applications/FEH_ARM/bin/../lib/gcc/arm-none-eabi/10.3.1/../../../../arm-none-eabi/lib/thumb/v7e-m/nofp/libg.a(lib_a-wsetup.o)
                0x0000000000017634                __swsetup_r
 .text.startup.register_fini
                0x0000000000017708       0x14 /Applications/FEH_ARM/bin/../lib/gcc/arm-none-eabi/10.3.1/../../../../arm-none-eabi/lib/thumb/v7e-m/nofp/libg.a(lib_a-__call_atexit.o)
 .text.atexit   0x000000000001771c        0xc /Applications/FEH_ARM/bin/../lib/gcc/arm-none-eabi/10.3.1/../../../../arm-none-eabi/lib/thumb/v7e-m/nofp/libg.a(lib_a-atexit.o)
                0x000000000001771c                atexit
 .text.quorem   0x0000000000017728      0x124 /Applications/FEH_ARM/bin/../lib/gcc/arm-none-eabi/10.3.1/../../../../arm-none-eabi/lib/thumb/v7e-m/nofp/libg.a(lib_a-dtoa.o)
 *fill*         0x000000000001784c        0x4 
 .text._dtoa_r  0x0000000000017850      0xec4 /Applications/FEH_ARM/bin/../lib/gcc/arm-none-eabi/10.3.1/../../../../arm-none-eabi/lib/thumb/v7e-m/nofp/libg.a(lib_a-dtoa.o)
                0x0000000000017850                _dtoa_r
 .text.__sflush_r
                0x0000000000018714      0x120 /Applications/FEH_ARM/bin/../lib/gcc/arm-none-eabi/10.3.1/../../../../arm-none-eabi/lib/thumb/v7e-m/nofp/libg.a(lib_a-fflush.o)
                0x0000000000018714                __sflush_r
 .text._fflush_r
                0x0000000000018834       0x5c /Applications/FEH_ARM/bin/../lib/gcc/arm-none-eabi/10.3.1/../../../../arm-none-eabi/lib/thumb/v7e-m/nofp/libg.a(lib_a-fflush.o)
                0x0000000000018834                _fflush_r
 .text._cleanup_r
                0x0000000000018890        0xc /Applications/FEH_ARM/bin/../lib/gcc/arm-none-eabi/10.3.1/../../../../arm-none-eabi/lib/thumb/v7e-m/nofp/libg.a(lib_a-findfp.o)
                0x0000000000018890                _cleanup_r
 .text.__sinit  0x000000000001889c      0x10c /Applications/FEH_ARM/bin/../lib/gcc/arm-none-eabi/10.3.1/../../../../arm-none-eabi/lib/thumb/v7e-m/nofp/libg.a(lib_a-findfp.o)
                0x000000000001889c                __sinit
 .text.__sfp_lock_acquire
                0x00000000000189a8        0xc /Applications/FEH_ARM/bin/../lib/gcc/arm-none-eabi/10.3.1/../../../../arm-none-eabi/lib/thumb/v7e-m/nofp/libg.a(lib_a-findfp.o)
                0x00000000000189a8                __sfp_lock_acquire
 .text.__sfp_lock_release
                0x00000000000189b4        0xc /Applications/FEH_ARM/bin/../lib/gcc/arm-none-eabi/10.3.1/../../../../arm-none-eabi/lib/thumb/v7e-m/nofp/libg.a(lib_a-findfp.o)
                0x00000000000189b4                __sfp_lock_release
 .text.__libc_fini_array
                0x00000000000189c0       0x2c /Applications/FEH_ARM/bin/../lib/gcc/arm-none-eabi/10.3.1/../../../../arm-none-eabi/lib/thumb/v7e-m/nofp/libg.a(lib_a-fini.o)
                0x00000000000189c0                __libc_fini_array
 .text._malloc_trim_r
                0x00000000000189ec       0xa0 /Applications/FEH_ARM/bin/../lib/gcc/arm-none-eabi/10.3.1/../../../../arm-none-eabi/lib/thumb/v7e-m/nofp/libg.a(lib_a-freer.o)
                0x00000000000189ec                _malloc_trim_r
 .text._free_r  0x0000000000018a8c      0x20c /Applications/FEH_ARM/bin/../lib/gcc/arm-none-eabi/10.3.1/../../../../arm-none-eabi/lib/thumb/v7e-m/nofp/libg.a(lib_a-freer.o)
                0x0000000000018a8c                _free_r
 .text._fwalk_reent
                0x0000000000018c98       0x48 /Applications/FEH_ARM/bin/../lib/gcc/arm-none-eabi/10.3.1/../../../../arm-none-eabi/lib/thumb/v7e-m/nofp/libg.a(lib_a-fwalk.o)
                0x0000000000018c98                _fwalk_reent
 .text._localeconv_r
                0x0000000000018ce0        0x8 /Applications/FEH_ARM/bin/../lib/gcc/arm-none-eabi/10.3.1/../../../../arm-none-eabi/lib/thumb/v7e-m/nofp/libg.a(lib_a-localeconv.o)
                0x0000000000018ce0                _localeconv_r
 .text.__smakebuf_r
                0x0000000000018ce8       0xe0 /Applications/FEH_ARM/bin/../lib/gcc/arm-none-eabi/10.3.1/../../../../arm-none-eabi/lib/thumb/v7e-m/nofp/libg.a(lib_a-makebuf.o)
                0x0000000000018ce8                __smakebuf_r
 .text._Balloc  0x0000000000018dc8       0x4c /Applications/FEH_ARM/bin/../lib/gcc/arm-none-eabi/10.3.1/../../../../arm-none-eabi/lib/thumb/v7e-m/nofp/libg.a(lib_a-mprec.o)
                0x0000000000018dc8                _Balloc
 .text._Bfree   0x0000000000018e14       0x14 /Applications/FEH_ARM/bin/../lib/gcc/arm-none-eabi/10.3.1/../../../../arm-none-eabi/lib/thumb/v7e-m/nofp/libg.a(lib_a-mprec.o)
                0x0000000000018e14                _Bfree
 .text.__multadd
                0x0000000000018e28       0xa0 /Applications/FEH_ARM/bin/../lib/gcc/arm-none-eabi/10.3.1/../../../../arm-none-eabi/lib/thumb/v7e-m/nofp/libg.a(lib_a-mprec.o)
                0x0000000000018e28                __multadd
 .text.__hi0bits
                0x0000000000018ec8       0x40 /Applications/FEH_ARM/bin/../lib/gcc/arm-none-eabi/10.3.1/../../../../arm-none-eabi/lib/thumb/v7e-m/nofp/libg.a(lib_a-mprec.o)
                0x0000000000018ec8                __hi0bits
 .text.__lo0bits
                0x0000000000018f08       0x5c /Applications/FEH_ARM/bin/../lib/gcc/arm-none-eabi/10.3.1/../../../../arm-none-eabi/lib/thumb/v7e-m/nofp/libg.a(lib_a-mprec.o)
                0x0000000000018f08                __lo0bits
 .text.__i2b    0x0000000000018f64       0x5c /Applications/FEH_ARM/bin/../lib/gcc/arm-none-eabi/10.3.1/../../../../arm-none-eabi/lib/thumb/v7e-m/nofp/libg.a(lib_a-mprec.o)
                0x0000000000018f64                __i2b
 .text.__multiply
                0x0000000000018fc0      0x15c /Applications/FEH_ARM/bin/../lib/gcc/arm-none-eabi/10.3.1/../../../../arm-none-eabi/lib/thumb/v7e-m/nofp/libg.a(lib_a-mprec.o)
                0x0000000000018fc0                __multiply
 .text.__pow5mult
                0x000000000001911c       0xc0 /Applications/FEH_ARM/bin/../lib/gcc/arm-none-eabi/10.3.1/../../../../arm-none-eabi/lib/thumb/v7e-m/nofp/libg.a(lib_a-mprec.o)
                0x000000000001911c                __pow5mult
 .text.__lshift
                0x00000000000191dc       0xf0 /Applications/FEH_ARM/bin/../lib/gcc/arm-none-eabi/10.3.1/../../../../arm-none-eabi/lib/thumb/v7e-m/nofp/libg.a(lib_a-mprec.o)
                0x00000000000191dc                __lshift
 .text.__mcmp   0x00000000000192cc       0x40 /Applications/FEH_ARM/bin/../lib/gcc/arm-none-eabi/10.3.1/../../../../arm-none-eabi/lib/thumb/v7e-m/nofp/libg.a(lib_a-mprec.o)
                0x00000000000192cc                __mcmp
 .text.__mdiff  0x000000000001930c      0x14c /Applications/FEH_ARM/bin/../lib/gcc/arm-none-eabi/10.3.1/../../../../arm-none-eabi/lib/thumb/v7e-m/nofp/libg.a(lib_a-mprec.o)
                0x000000000001930c                __mdiff
 .text.__d2b    0x0000000000019458       0xc4 /Applications/FEH_ARM/bin/../lib/gcc/arm-none-eabi/10.3.1/../../../../arm-none-eabi/lib/thumb/v7e-m/nofp/libg.a(lib_a-mprec.o)
                0x0000000000019458                __d2b
 .text.frexp    0x000000000001951c       0x70 /Applications/FEH_ARM/bin/../lib/gcc/arm-none-eabi/10.3.1/../../../../arm-none-eabi/lib/thumb/v7e-m/nofp/libg.a(lib_a-s_frexp.o)
                0x000000000001951c                frexp
 .text.__sread  0x000000000001958c       0x24 /Applications/FEH_ARM/bin/../lib/gcc/arm-none-eabi/10.3.1/../../../../arm-none-eabi/lib/thumb/v7e-m/nofp/libg.a(lib_a-stdio.o)
                0x000000000001958c                __sread
 .text.__swrite
                0x00000000000195b0       0x40 /Applications/FEH_ARM/bin/../lib/gcc/arm-none-eabi/10.3.1/../../../../arm-none-eabi/lib/thumb/v7e-m/nofp/libg.a(lib_a-stdio.o)
                0x00000000000195b0                __swrite
 .text.__sseek  0x00000000000195f0       0x20 /Applications/FEH_ARM/bin/../lib/gcc/arm-none-eabi/10.3.1/../../../../arm-none-eabi/lib/thumb/v7e-m/nofp/libg.a(lib_a-stdio.o)
                0x00000000000195f0                __sseek
 .text.__sclose
                0x0000000000019610        0x8 /Applications/FEH_ARM/bin/../lib/gcc/arm-none-eabi/10.3.1/../../../../arm-none-eabi/lib/thumb/v7e-m/nofp/libg.a(lib_a-stdio.o)
                0x0000000000019610                __sclose
 .text.strncpy  0x0000000000019618       0x64 /Applications/FEH_ARM/bin/../lib/gcc/arm-none-eabi/10.3.1/../../../../arm-none-eabi/lib/thumb/v7e-m/nofp/libg.a(lib_a-strncpy.o)
                0x0000000000019618                strncpy
 .text.__ssprint_r
                0x000000000001967c       0xf8 /Applications/FEH_ARM/bin/../lib/gcc/arm-none-eabi/10.3.1/../../../../arm-none-eabi/lib/thumb/v7e-m/nofp/libg.a(lib_a-svfiprintf.o)
                0x000000000001967c                __ssprint_r
 .text.__register_exitproc
                0x0000000000019774       0x8c /Applications/FEH_ARM/bin/../lib/gcc/arm-none-eabi/10.3.1/../../../../arm-none-eabi/lib/thumb/v7e-m/nofp/libg.a(lib_a-__atexit.o)
                0x0000000000019774                __register_exitproc
 .text.__assert_func
                0x0000000000019800       0x40 /Applications/FEH_ARM/bin/../lib/gcc/arm-none-eabi/10.3.1/../../../../arm-none-eabi/lib/thumb/v7e-m/nofp/libg.a(lib_a-assert.o)
                0x0000000000019800                __assert_func
 .text._calloc_r
                0x0000000000019840       0x78 /Applications/FEH_ARM/bin/../lib/gcc/arm-none-eabi/10.3.1/../../../../arm-none-eabi/lib/thumb/v7e-m/nofp/libg.a(lib_a-callocr.o)
                0x0000000000019840                _calloc_r
 .text._close_r
                0x00000000000198b8       0x24 /Applications/FEH_ARM/bin/../lib/gcc/arm-none-eabi/10.3.1/../../../../arm-none-eabi/lib/thumb/v7e-m/nofp/libg.a(lib_a-closer.o)
                0x00000000000198b8                _close_r
 .text.__errno  0x00000000000198dc        0xc /Applications/FEH_ARM/bin/../lib/gcc/arm-none-eabi/10.3.1/../../../../arm-none-eabi/lib/thumb/v7e-m/nofp/libg.a(lib_a-errno.o)
                0x00000000000198dc                __errno
 .text._fclose_r
                0x00000000000198e8       0xcc /Applications/FEH_ARM/bin/../lib/gcc/arm-none-eabi/10.3.1/../../../../arm-none-eabi/lib/thumb/v7e-m/nofp/libg.a(lib_a-fclose.o)
                0x00000000000198e8                _fclose_r
 .text.fiprintf
                0x00000000000199b4       0x28 /Applications/FEH_ARM/bin/../lib/gcc/arm-none-eabi/10.3.1/../../../../arm-none-eabi/lib/thumb/v7e-m/nofp/libg.a(lib_a-fiprintf.o)
                0x00000000000199b4                fiprintf
 .text._fstat_r
                0x00000000000199dc       0x2c /Applications/FEH_ARM/bin/../lib/gcc/arm-none-eabi/10.3.1/../../../../arm-none-eabi/lib/thumb/v7e-m/nofp/libg.a(lib_a-fstatr.o)
                0x00000000000199dc                _fstat_r
 .text._isatty_r
                0x0000000000019a08       0x24 /Applications/FEH_ARM/bin/../lib/gcc/arm-none-eabi/10.3.1/../../../../arm-none-eabi/lib/thumb/v7e-m/nofp/libg.a(lib_a-isattyr.o)
                0x0000000000019a08                _isatty_r
 .text.__locale_mb_cur_max
                0x0000000000019a2c        0xc /Applications/FEH_ARM/bin/../lib/gcc/arm-none-eabi/10.3.1/../../../../arm-none-eabi/lib/thumb/v7e-m/nofp/libg.a(lib_a-locale.o)
                0x0000000000019a2c                __locale_mb_cur_max
 .text._lseek_r
                0x0000000000019a38       0x2c /Applications/FEH_ARM/bin/../lib/gcc/arm-none-eabi/10.3.1/../../../../arm-none-eabi/lib/thumb/v7e-m/nofp/libg.a(lib_a-lseekr.o)
                0x0000000000019a38                _lseek_r
 .text.__ascii_mbtowc
                0x0000000000019a64       0x2c /Applications/FEH_ARM/bin/../lib/gcc/arm-none-eabi/10.3.1/../../../../arm-none-eabi/lib/thumb/v7e-m/nofp/libg.a(lib_a-mbtowc_r.o)
                0x0000000000019a64                __ascii_mbtowc
 .text._read_r  0x0000000000019a90       0x2c /Applications/FEH_ARM/bin/../lib/gcc/arm-none-eabi/10.3.1/../../../../arm-none-eabi/lib/thumb/v7e-m/nofp/libg.a(lib_a-readr.o)
                0x0000000000019a90                _read_r
 .text.__sprint_r.part.0
                0x0000000000019abc       0x78 /Applications/FEH_ARM/bin/../lib/gcc/arm-none-eabi/10.3.1/../../../../arm-none-eabi/lib/thumb/v7e-m/nofp/libg.a(lib_a-vfiprintf.o)
 .text._vfiprintf_r
                0x0000000000019b34      0xda0 /Applications/FEH_ARM/bin/../lib/gcc/arm-none-eabi/10.3.1/../../../../arm-none-eabi/lib/thumb/v7e-m/nofp/libg.a(lib_a-vfiprintf.o)
                0x0000000000019b34                _vfiprintf_r
 .text.__sbprintf
                0x000000000001a8d4       0x80 /Applications/FEH_ARM/bin/../lib/gcc/arm-none-eabi/10.3.1/../../../../arm-none-eabi/lib/thumb/v7e-m/nofp/libg.a(lib_a-vfiprintf.o)
 .text.__ascii_wctomb
                0x000000000001a954       0x1c /Applications/FEH_ARM/bin/../lib/gcc/arm-none-eabi/10.3.1/../../../../arm-none-eabi/lib/thumb/v7e-m/nofp/libg.a(lib_a-wctomb_r.o)
                0x000000000001a954                __ascii_wctomb
 .text.__fputwc
                0x000000000001a970       0xa8 /Applications/FEH_ARM/bin/../lib/gcc/arm-none-eabi/10.3.1/../../../../arm-none-eabi/lib/thumb/v7e-m/nofp/libg.a(lib_a-fputwc.o)
                0x000000000001a970                __fputwc
 .text._fputwc_r
                0x000000000001aa18       0x68 /Applications/FEH_ARM/bin/../lib/gcc/arm-none-eabi/10.3.1/../../../../arm-none-eabi/lib/thumb/v7e-m/nofp/libg.a(lib_a-fputwc.o)
                0x000000000001aa18                _fputwc_r
 .text._wcrtomb_r
                0x000000000001aa80       0x3c /Applications/FEH_ARM/bin/../lib/gcc/arm-none-eabi/10.3.1/../../../../arm-none-eabi/lib/thumb/v7e-m/nofp/libg.a(lib_a-wcrtomb.o)
                0x000000000001aa80                _wcrtomb_r
 .text          0x000000000001aabc       0x2c /Applications/FEH_ARM/bin/../lib/gcc/arm-none-eabi/10.3.1/thumb/v7e-m/nofp/libgcc.a(_arm_unorddf2.o)
                0x000000000001aabc                __aeabi_dcmpun
                0x000000000001aabc                __unorddf2
 .text          0x000000000001aae8       0x30 /Applications/FEH_ARM/bin/../lib/gcc/arm-none-eabi/10.3.1/thumb/v7e-m/nofp/libgcc.a(_aeabi_uldivmod.o)
                0x000000000001aae8                __aeabi_uldivmod
 .text          0x000000000001ab18      0x2d0 /Applications/FEH_ARM/bin/../lib/gcc/arm-none-eabi/10.3.1/thumb/v7e-m/nofp/libgcc.a(_udivmoddi4.o)
                0x000000000001ab18                __udivmoddi4
 .text          0x000000000001ade8        0x4 /Applications/FEH_ARM/bin/../lib/gcc/arm-none-eabi/10.3.1/thumb/v7e-m/nofp/libgcc.a(_dvmd_tls.o)
                0x000000000001ade8                __aeabi_ldiv0
                0x000000000001ade8                __aeabi_idiv0
 .text._close   0x000000000001adec       0x10 /Applications/FEH_ARM/bin/../lib/gcc/arm-none-eabi/10.3.1/../../../../arm-none-eabi/lib/thumb/v7e-m/nofp/libnosys.a(close.o)
                0x000000000001adec                _close
 .text._fstat   0x000000000001adfc       0x10 /Applications/FEH_ARM/bin/../lib/gcc/arm-none-eabi/10.3.1/../../../../arm-none-eabi/lib/thumb/v7e-m/nofp/libnosys.a(fstat.o)
                0x000000000001adfc                _fstat
 .text._getpid  0x000000000001ae0c       0x10 /Applications/FEH_ARM/bin/../lib/gcc/arm-none-eabi/10.3.1/../../../../arm-none-eabi/lib/thumb/v7e-m/nofp/libnosys.a(getpid.o)
                0x000000000001ae0c                _getpid
 .text._isatty  0x000000000001ae1c       0x10 /Applications/FEH_ARM/bin/../lib/gcc/arm-none-eabi/10.3.1/../../../../arm-none-eabi/lib/thumb/v7e-m/nofp/libnosys.a(isatty.o)
                0x000000000001ae1c                _isatty
 .text._kill    0x000000000001ae2c       0x10 /Applications/FEH_ARM/bin/../lib/gcc/arm-none-eabi/10.3.1/../../../../arm-none-eabi/lib/thumb/v7e-m/nofp/libnosys.a(kill.o)
                0x000000000001ae2c                _kill
 .text._lseek   0x000000000001ae3c       0x10 /Applications/FEH_ARM/bin/../lib/gcc/arm-none-eabi/10.3.1/../../../../arm-none-eabi/lib/thumb/v7e-m/nofp/libnosys.a(lseek.o)
                0x000000000001ae3c                _lseek
 .text._read    0x000000000001ae4c       0x10 /Applications/FEH_ARM/bin/../lib/gcc/arm-none-eabi/10.3.1/../../../../arm-none-eabi/lib/thumb/v7e-m/nofp/libnosys.a(read.o)
                0x000000000001ae4c                _read
 .text._sbrk    0x000000000001ae5c       0x1c /Applications/FEH_ARM/bin/../lib/gcc/arm-none-eabi/10.3.1/../../../../arm-none-eabi/lib/thumb/v7e-m/nofp/libnosys.a(sbrk.o)
                0x000000000001ae5c                _sbrk
 .text._write   0x000000000001ae78       0x10 /Applications/FEH_ARM/bin/../lib/gcc/arm-none-eabi/10.3.1/../../../../arm-none-eabi/lib/thumb/v7e-m/nofp/libnosys.a(write.o)
                0x000000000001ae78                _write
 .text._exit    0x000000000001ae88        0x4 /Applications/FEH_ARM/bin/../lib/gcc/arm-none-eabi/10.3.1/../../../../arm-none-eabi/lib/thumb/v7e-m/nofp/libnosys.a(_exit.o)
                0x000000000001ae88                _exit
 *(.rodata .rodata.* .constdata .constdata.*)
 .rodata        0x000000000001ae8c        0xa ../main.o
 *fill*         0x000000000001ae96        0x2 
 .rodata.K60_SDHC0_init
                0x000000000001ae98        0xc Drivers/SDHC.o
                0x000000000001ae98                K60_SDHC0_init
 .rodata._ZL21ESDHC_COMMAND_XFERTYP
                0x000000000001aea4      0x100 Drivers/SDHC.o
 .rodata._ZL9GPIOPorts
                0x000000000001afa4       0x20 Libraries/FEHIO.o
 .rodata._ZL10ADCNumbers
                0x000000000001afc4       0x21 Libraries/FEHIO.o
 *fill*         0x000000000001afe5        0x3 
 .rodata._ZL14GPIOPinNumbers
                0x000000000001afe8       0x80 Libraries/FEHIO.o
 .rodata._ZL16AnalogPinNumbers
                0x000000000001b068       0x84 Libraries/FEHIO.o
 .rodata        0x000000000001b0ec       0x78 Libraries/FEHIO.o
 .rodata        0x000000000001b164       0x32 Libraries/FEHLCD.o
 *fill*         0x000000000001b196        0x2 
 .rodata        0x000000000001b198      0x3f4 Libraries/FEHRCS.o
 .rodata._global_impure_ptr
                0x000000000001b58c        0x4 /Applications/FEH_ARM/bin/../lib/gcc/arm-none-eabi/10.3.1/../../../../arm-none-eabi/lib/thumb/v7e-m/nofp/libg.a(lib_a-impure.o)
                0x000000000001b58c                _global_impure_ptr
 .rodata._svfprintf_r.str1.4
                0x000000000001b590       0x42 /Applications/FEH_ARM/bin/../lib/gcc/arm-none-eabi/10.3.1/../../../../arm-none-eabi/lib/thumb/v7e-m/nofp/libg.a(lib_a-svfprintf.o)
 *fill*         0x000000000001b5d2        0x2 
 .rodata.blanks.1
                0x000000000001b5d4       0x10 /Applications/FEH_ARM/bin/../lib/gcc/arm-none-eabi/10.3.1/../../../../arm-none-eabi/lib/thumb/v7e-m/nofp/libg.a(lib_a-svfprintf.o)
 .rodata.zeroes.0
                0x000000000001b5e4       0x10 /Applications/FEH_ARM/bin/../lib/gcc/arm-none-eabi/10.3.1/../../../../arm-none-eabi/lib/thumb/v7e-m/nofp/libg.a(lib_a-svfprintf.o)
 .rodata._dtoa_r.str1.4
                0x000000000001b5f4       0x7e /Applications/FEH_ARM/bin/../lib/gcc/arm-none-eabi/10.3.1/../../../../arm-none-eabi/lib/thumb/v7e-m/nofp/libg.a(lib_a-dtoa.o)
                                         0x82 (size before relaxing)
 *fill*         0x000000000001b672        0x2 
 .rodata.__multadd.str1.4
                0x000000000001b674       0x5b /Applications/FEH_ARM/bin/../lib/gcc/arm-none-eabi/10.3.1/../../../../arm-none-eabi/lib/thumb/v7e-m/nofp/libg.a(lib_a-mprec.o)
                                         0x6f (size before relaxing)
 *fill*         0x000000000001b6cf        0x1 
 .rodata.__mprec_bigtens
                0x000000000001b6d0       0x28 /Applications/FEH_ARM/bin/../lib/gcc/arm-none-eabi/10.3.1/../../../../arm-none-eabi/lib/thumb/v7e-m/nofp/libg.a(lib_a-mprec.o)
                0x000000000001b6d0                __mprec_bigtens
 .rodata.__mprec_tens
                0x000000000001b6f8       0xc8 /Applications/FEH_ARM/bin/../lib/gcc/arm-none-eabi/10.3.1/../../../../arm-none-eabi/lib/thumb/v7e-m/nofp/libg.a(lib_a-mprec.o)
                0x000000000001b6f8                __mprec_tens
 .rodata.p05.0  0x000000000001b7c0        0xc /Applications/FEH_ARM/bin/../lib/gcc/arm-none-eabi/10.3.1/../../../../arm-none-eabi/lib/thumb/v7e-m/nofp/libg.a(lib_a-mprec.o)
 .rodata.__assert_func.str1.4
                0x000000000001b7cc       0x3f /Applications/FEH_ARM/bin/../lib/gcc/arm-none-eabi/10.3.1/../../../../arm-none-eabi/lib/thumb/v7e-m/nofp/libg.a(lib_a-assert.o)
                                         0x43 (size before relaxing)
 *fill*         0x000000000001b80b        0x1 
 .rodata._ctype_
                0x000000000001b80c      0x101 /Applications/FEH_ARM/bin/../lib/gcc/arm-none-eabi/10.3.1/../../../../arm-none-eabi/lib/thumb/v7e-m/nofp/libg.a(lib_a-ctype_.o)
                0x000000000001b80c                _ctype_
 *fill*         0x000000000001b90d        0x3 
 .rodata._setlocale_r.str1.4
                0x000000000001b910        0xa /Applications/FEH_ARM/bin/../lib/gcc/arm-none-eabi/10.3.1/../../../../arm-none-eabi/lib/thumb/v7e-m/nofp/libg.a(lib_a-locale.o)
                                          0xd (size before relaxing)
 *fill*         0x000000000001b91a        0x2 
 .rodata.str1.4
                0x000000000001b91c        0x2 /Applications/FEH_ARM/bin/../lib/gcc/arm-none-eabi/10.3.1/../../../../arm-none-eabi/lib/thumb/v7e-m/nofp/libg.a(lib_a-locale.o)
 .rodata._vfiprintf_r.str1.4
                0x000000000001b91e       0x2f /Applications/FEH_ARM/bin/../lib/gcc/arm-none-eabi/10.3.1/../../../../arm-none-eabi/lib/thumb/v7e-m/nofp/libg.a(lib_a-vfiprintf.o)
 *fill*         0x000000000001b91e        0x2 
 .rodata.blanks.1
                0x000000000001b920       0x10 /Applications/FEH_ARM/bin/../lib/gcc/arm-none-eabi/10.3.1/../../../../arm-none-eabi/lib/thumb/v7e-m/nofp/libg.a(lib_a-vfiprintf.o)
 .rodata.zeroes.0
                0x000000000001b930       0x10 /Applications/FEH_ARM/bin/../lib/gcc/arm-none-eabi/10.3.1/../../../../arm-none-eabi/lib/thumb/v7e-m/nofp/libg.a(lib_a-vfiprintf.o)
                0x000000000001b940                . = ALIGN (0x4)
                0x000000000001b940                . = ALIGN (0x4)
 *(.init)
 .init          0x000000000001b940        0x4 /Applications/FEH_ARM/bin/../lib/gcc/arm-none-eabi/10.3.1/thumb/v7e-m/nofp/crti.o
                0x000000000001b940                _init
 .init          0x000000000001b944        0x8 /Applications/FEH_ARM/bin/../lib/gcc/arm-none-eabi/10.3.1/thumb/v7e-m/nofp/crtn.o
                0x000000000001b94c                . = ALIGN (0x4)
                0x000000000001b94c                __preinit_array_start = .
 *(.preinit_array)
                0x000000000001b94c                __preinit_array_end = .
                0x000000000001b94c                . = ALIGN (0x4)
                0x000000000001b94c                __init_array_start = .
 *(SORT_BY_NAME(.init_array.*))
 .init_array.00000
                0x000000000001b94c        0x4 /Applications/FEH_ARM/bin/../lib/gcc/arm-none-eabi/10.3.1/../../../../arm-none-eabi/lib/thumb/v7e-m/nofp/libg.a(lib_a-__call_atexit.o)
 *(.init_array)
 .init_array    0x000000000001b950        0x4 /Applications/FEH_ARM/bin/../lib/gcc/arm-none-eabi/10.3.1/thumb/v7e-m/nofp/crtbegin.o
 .init_array    0x000000000001b954        0x4 ../main.o
 .init_array    0x000000000001b958        0x4 FEHProteus.o
 .init_array    0x000000000001b95c        0x4 Libraries/FEHBuzzer.o
 .init_array    0x000000000001b960        0x4 Libraries/FEHLCD.o
 .init_array    0x000000000001b964        0x4 Libraries/FEHAccel.o
 .init_array    0x000000000001b968        0x4 Libraries/FEHBattery.o
 .init_array    0x000000000001b96c        0x4 Libraries/FEHRCS.o
 .init_array    0x000000000001b970        0x4 Libraries/FEHSD.o
 .init_array    0x000000000001b974        0x4 /Applications/FEH_ARM/bin/../lib/gcc/arm-none-eabi/10.3.1/../../../../arm-none-eabi/lib/thumb/v7e-m/nofp/libstdc++.a(eh_alloc.o)
                0x000000000001b978                __init_array_end = .
 *(.fini)
 .fini          0x000000000001b978        0x4 /Applications/FEH_ARM/bin/../lib/gcc/arm-none-eabi/10.3.1/thumb/v7e-m/nofp/crti.o
                0x000000000001b978                _fini
 .fini          0x000000000001b97c        0x8 /Applications/FEH_ARM/bin/../lib/gcc/arm-none-eabi/10.3.1/thumb/v7e-m/nofp/crtn.o
                0x000000000001b984                . = ALIGN (0x4)
 *crtbegin.o(.ctors)
 *(EXCLUDE_FILE(*crtend.o) .ctors)
 *(SORT_BY_NAME(.ctors.*))
 *crtend.o(.ctors)
                0x000000000001b984                . = ALIGN (0x4)
 *crtbegin.o(.dtors)
 *(EXCLUDE_FILE(*crtend.o) .dtors)
 *(SORT_BY_NAME(.dtors.*))
 *crtend.o(.dtors)
                0x000000000001b984                . = ALIGN (0x4)

.ARM.extab
 *(.ARM.extab* .gnu.linkonce.armextab.*)
                0x000000000001b984                __exidx_start = .

.ARM.exidx      0x000000000001b984        0x8